******************************************************************************
                  TI ARM Linker Unix v16.9.3                   
******************************************************************************
>> Linked Fri Sep 15 21:23:58 2017

OUTPUT FILE NAME:   <lab2.out>
ENTRY POINT SYMBOL: "_c_int00"  address: 00000b0d


MEMORY CONFIGURATION

         name            origin    length      used     unused   attr    fill
----------------------  --------  ---------  --------  --------  ----  --------
  MAIN                  00000000   00040000  00000ca4  0003f35c  R  X
  INFO                  00200000   00004000  00000000  00004000  R  X
  SRAM_CODE             01000000   00010000  0000021c  0000fde4  RW X
  SRAM_DATA             20000000   00010000  0000021c  0000fde4  RW  


SEGMENT ALLOCATION MAP

run origin  load origin   length   init length attrs members
----------  ----------- ---------- ----------- ----- -------
00000000    00000000    00000ca8   00000ca8    r-x
  00000000    00000000    000000e4   000000e4    r-- .intvecs
  000000e4    000000e4    00000b98   00000b98    r-x .text
  00000c80    00000c80    00000028   00000028    r-- .cinit
20000000    20000000    0000001c   00000000    rw-
  20000000    20000000    0000001c   00000000    rw- .data
2000fe00    2000fe00    00000200   00000000    rw-
  2000fe00    2000fe00    00000200   00000000    rw- .stack


SECTION ALLOCATION MAP

 output                                  attributes/
section   page    origin      length       input sections
--------  ----  ----------  ----------   ----------------
.intvecs   0    00000000    000000e4     
                  00000000    000000e4     startup_msp432p401r_ccs.obj (.intvecs:retain)

.text      0    000000e4    00000b98     
                  000000e4    000003f0     port.obj (.text)
                  000004d4    0000032c     system_msp432p401r.obj (.text)
                  00000800    00000198     timer.obj (.text)
                  00000998    0000009c     rtsv7M4_T_le_v4SPD16_eabi.lib : memcpy_t2.obj (.text)
                  00000a34    00000070                                   : autoinit.obj (.text)
                  00000aa4    00000068                                   : copy_decompress_lzss.obj (.text:decompress:lzss)
                  00000b0c    00000054                                   : boot.obj (.text)
                  00000b60    00000054                                   : exit.obj (.text)
                  00000bb4    0000004c                                   : cpy_tbl.obj (.text)
                  00000c00    0000002c     main.obj (.text)
                  00000c2c    00000018     rtsv7M4_T_le_v4SPD16_eabi.lib : args_main.obj (.text)
                  00000c44    00000014                                   : _lock.obj (.text)
                  00000c58    0000000e                                   : copy_decompress_none.obj (.text:decompress:none)
                  00000c66    0000000e     startup_msp432p401r_ccs.obj (.text)
                  00000c74    00000004     rtsv7M4_T_le_v4SPD16_eabi.lib : pre_init.obj (.text)
                  00000c78    00000002                                   : mpu_init.obj (.text)
                  00000c7a    00000002                                   : startup.obj (.text)

.cinit     0    00000c80    00000028     
                  00000c80    00000015     (.cinit..data.load) [load image, compression = lzss]
                  00000c95    00000003     --HOLE-- [fill = 0]
                  00000c98    00000008     (__TI_handler_table)
                  00000ca0    00000008     (__TI_cinit_table)

.init_array 
*          0    00000000    00000000     UNINITIALIZED

.binit     0    00000000    00000000     

.data      0    20000000    0000001c     UNINITIALIZED
                  20000000    0000000c     rtsv7M4_T_le_v4SPD16_eabi.lib : exit.obj (.data:$O1$$)
                  2000000c    00000008                                   : _lock.obj (.data:$O1$$)
                  20000014    00000004                                   : stkdepth_vars.obj (.data)
                  20000018    00000004     system_msp432p401r.obj (.data)

.stack     0    2000fe00    00000200     UNINITIALIZED
                  2000fe00    00000200     --HOLE--

MODULE SUMMARY

       Module                        code   ro data   rw data
       ------                        ----   -------   -------
    ./
       port.obj                      1008   0         0      
       system_msp432p401r.obj        812    0         8      
       timer.obj                     408    0         0      
       startup_msp432p401r_ccs.obj   14     228       0      
       main.obj                      44     0         0      
    +--+-----------------------------+------+---------+---------+
       Total:                        2286   228       8      
                                                             
    /home/kk/ti/ccsv7/tools/compiler/ti-cgt-arm_16.9.3.LTS/lib/rtsv7M4_T_le_v4SPD16_eabi.lib
       memcpy_t2.obj                 156    0         0      
       autoinit.obj                  112    0         0      
       exit.obj                      84     0         24     
       copy_decompress_lzss.obj      104    0         0      
       boot.obj                      84     0         0      
       cpy_tbl.obj                   76     0         0      
       _lock.obj                     20     0         16     
       args_main.obj                 24     0         0      
       copy_decompress_none.obj      14     0         0      
       stkdepth_vars.obj             0      0         8      
       pre_init.obj                  4      0         0      
       mpu_init.obj                  2      0         0      
       startup.obj                   2      0         0      
    +--+-----------------------------+------+---------+---------+
       Total:                        682    0         48     
                                                             
       Stack:                        0      0         1024   
       Linker Generated:             0      37        0      
    +--+-----------------------------+------+---------+---------+
       Grand Total:                  2968   265       1080   


LINKER GENERATED COPY TABLES

__TI_cinit_table @ 00000ca0 records: 1, size/record: 8, table size: 8
	.data: load addr=00000c80, load size=00000015 bytes, run addr=20000000, run size=0000001c bytes, compression=lzss


LINKER GENERATED HANDLER TABLE

__TI_handler_table @ 00000c98 records: 2, size/record: 4, table size: 8
	index: 0, handler: __TI_decompress_lzss
	index: 1, handler: __TI_decompress_none


GLOBAL SYMBOLS: SORTED ALPHABETICALLY BY Name 

address   name                           
-------   ----                           
00000c73  ADC14_IRQHandler               
00000c73  AES256_IRQHandler              
00000c73  BusFault_Handler               
00000b61  C$$EXIT                        
00000c73  COMP_E0_IRQHandler             
00000c73  COMP_E1_IRQHandler             
00000c73  CS_IRQHandler                  
00000c73  DMA_ERR_IRQHandler             
00000c73  DMA_INT0_IRQHandler            
00000c73  DMA_INT1_IRQHandler            
00000c73  DMA_INT2_IRQHandler            
00000c73  DMA_INT3_IRQHandler            
00000c73  DebugMon_Handler               
00000c73  Default_Handler                
00000c73  EUSCIA0_IRQHandler             
00000c73  EUSCIA1_IRQHandler             
00000c73  EUSCIA2_IRQHandler             
00000c73  EUSCIA3_IRQHandler             
00000c73  EUSCIB0_IRQHandler             
00000c73  EUSCIB1_IRQHandler             
00000c73  EUSCIB2_IRQHandler             
00000c73  EUSCIB3_IRQHandler             
00000c73  FLCTL_IRQHandler               
00000c73  FPU_IRQHandler                 
00000111  GPIO_configure                 
00000c73  HardFault_Handler              
00000c73  MemManage_Handler              
00000c73  NMI_Handler                    
00000c73  PCM_IRQHandler                 
00000233  PORT1_IRQHandler               
00000233  PORT1_IRQHandler               
00000c73  PORT2_IRQHandler               
00000c73  PORT3_IRQHandler               
00000c73  PORT4_IRQHandler               
00000c73  PORT5_IRQHandler               
00000c73  PORT6_IRQHandler               
00000c73  PSS_IRQHandler                 
00000c73  PendSV_Handler                 
00000c73  RTC_C_IRQHandler               
00000c67  Reset_Handler                  
UNDEFED   SHT$$INIT_ARRAY$$Base          
UNDEFED   SHT$$INIT_ARRAY$$Limit         
00000c73  SVC_Handler                    
00000c73  SysTick_Handler                
20000018  SystemCoreClock                
000004d5  SystemCoreClockUpdate          
00000749  SystemInit                     
00000c73  T32_INT1_IRQHandler            
00000c73  T32_INT2_IRQHandler            
00000c73  T32_INTC_IRQHandler            
00000905  TA0_0_IRQHandler               
00000905  TA0_0_IRQHandler               
00000941  TA0_N_IRQHandler               
00000941  TA0_N_IRQHandler               
00000c73  TA1_0_IRQHandler               
00000c73  TA1_N_IRQHandler               
00000c73  TA2_0_IRQHandler               
00000c73  TA2_N_IRQHandler               
00000c73  TA3_0_IRQHandler               
00000c73  TA3_N_IRQHandler               
00000c73  UsageFault_Handler             
4000480c  WDTCTL_SYM                     
00000c73  WDT_A_IRQHandler               
20010000  __STACK_END                    
00000200  __STACK_SIZE                   
00000ca0  __TI_CINIT_Base                
00000ca8  __TI_CINIT_Limit               
00000c98  __TI_Handler_Table_Base        
00000ca0  __TI_Handler_Table_Limit       
00000a35  __TI_auto_init                 
20000000  __TI_cleanup_ptr               
00000aa5  __TI_decompress_lzss           
00000c59  __TI_decompress_none           
20000004  __TI_dtors_ptr                 
20000008  __TI_enable_exit_profile_output
ffffffff  __TI_pprof_out_hndl            
ffffffff  __TI_prof_data_size            
ffffffff  __TI_prof_data_start           
00000000  __TI_static_base__             
00000999  __aeabi_memcpy                 
00000999  __aeabi_memcpy4                
00000999  __aeabi_memcpy8                
ffffffff  __binit__                      
ffffffff  __c_args__                     
00000c79  __mpu_init                     
2000fe00  __stack                        
00000c2d  _args_main                     
00000b0d  _c_int00                       
2000000c  _lock                          
00000c53  _nop                           
00000c4b  _register_lock                 
00000c45  _register_unlock               
00000c7b  _system_post_cinit             
00000c75  _system_pre_init               
20000010  _unlock                        
00000b65  abort                          
ffffffff  binit                          
00000bb5  copy_in                        
00000b6d  exit                           
00000000  interruptVectors               
0000035b  latencyTestP1                  
0000038f  latencyTestP4                  
00000c01  main                           
20000014  main_func_sp                   
00000999  memcpy                         
000003e1  rgbConfig                      
0000040b  rgbCycle                       
00000295  testLED1                       
000002fb  testRGB                        
0000082d  timer_a0_config                
0000088d  timer_a0_configTimer1          


GLOBAL SYMBOLS: SORTED BY Symbol Address 

address   name                           
-------   ----                           
00000000  __TI_static_base__             
00000000  interruptVectors               
00000111  GPIO_configure                 
00000200  __STACK_SIZE                   
00000233  PORT1_IRQHandler               
00000233  PORT1_IRQHandler               
00000295  testLED1                       
000002fb  testRGB                        
0000035b  latencyTestP1                  
0000038f  latencyTestP4                  
000003e1  rgbConfig                      
0000040b  rgbCycle                       
000004d5  SystemCoreClockUpdate          
00000749  SystemInit                     
0000082d  timer_a0_config                
0000088d  timer_a0_configTimer1          
00000905  TA0_0_IRQHandler               
00000905  TA0_0_IRQHandler               
00000941  TA0_N_IRQHandler               
00000941  TA0_N_IRQHandler               
00000999  __aeabi_memcpy                 
00000999  __aeabi_memcpy4                
00000999  __aeabi_memcpy8                
00000999  memcpy                         
00000a35  __TI_auto_init                 
00000aa5  __TI_decompress_lzss           
00000b0d  _c_int00                       
00000b61  C$$EXIT                        
00000b65  abort                          
00000b6d  exit                           
00000bb5  copy_in                        
00000c01  main                           
00000c2d  _args_main                     
00000c45  _register_unlock               
00000c4b  _register_lock                 
00000c53  _nop                           
00000c59  __TI_decompress_none           
00000c67  Reset_Handler                  
00000c73  ADC14_IRQHandler               
00000c73  AES256_IRQHandler              
00000c73  BusFault_Handler               
00000c73  COMP_E0_IRQHandler             
00000c73  COMP_E1_IRQHandler             
00000c73  CS_IRQHandler                  
00000c73  DMA_ERR_IRQHandler             
00000c73  DMA_INT0_IRQHandler            
00000c73  DMA_INT1_IRQHandler            
00000c73  DMA_INT2_IRQHandler            
00000c73  DMA_INT3_IRQHandler            
00000c73  DebugMon_Handler               
00000c73  Default_Handler                
00000c73  EUSCIA0_IRQHandler             
00000c73  EUSCIA1_IRQHandler             
00000c73  EUSCIA2_IRQHandler             
00000c73  EUSCIA3_IRQHandler             
00000c73  EUSCIB0_IRQHandler             
00000c73  EUSCIB1_IRQHandler             
00000c73  EUSCIB2_IRQHandler             
00000c73  EUSCIB3_IRQHandler             
00000c73  FLCTL_IRQHandler               
00000c73  FPU_IRQHandler                 
00000c73  HardFault_Handler              
00000c73  MemManage_Handler              
00000c73  NMI_Handler                    
00000c73  PCM_IRQHandler                 
00000c73  PORT2_IRQHandler               
00000c73  PORT3_IRQHandler               
00000c73  PORT4_IRQHandler               
00000c73  PORT5_IRQHandler               
00000c73  PORT6_IRQHandler               
00000c73  PSS_IRQHandler                 
00000c73  PendSV_Handler                 
00000c73  RTC_C_IRQHandler               
00000c73  SVC_Handler                    
00000c73  SysTick_Handler                
00000c73  T32_INT1_IRQHandler            
00000c73  T32_INT2_IRQHandler            
00000c73  T32_INTC_IRQHandler            
00000c73  TA1_0_IRQHandler               
00000c73  TA1_N_IRQHandler               
00000c73  TA2_0_IRQHandler               
00000c73  TA2_N_IRQHandler               
00000c73  TA3_0_IRQHandler               
00000c73  TA3_N_IRQHandler               
00000c73  UsageFault_Handler             
00000c73  WDT_A_IRQHandler               
00000c75  _system_pre_init               
00000c79  __mpu_init                     
00000c7b  _system_post_cinit             
00000c98  __TI_Handler_Table_Base        
00000ca0  __TI_CINIT_Base                
00000ca0  __TI_Handler_Table_Limit       
00000ca8  __TI_CINIT_Limit               
20000000  __TI_cleanup_ptr               
20000004  __TI_dtors_ptr                 
20000008  __TI_enable_exit_profile_output
2000000c  _lock                          
20000010  _unlock                        
20000014  main_func_sp                   
20000018  SystemCoreClock                
2000fe00  __stack                        
20010000  __STACK_END                    
4000480c  WDTCTL_SYM                     
ffffffff  __TI_pprof_out_hndl            
ffffffff  __TI_prof_data_size            
ffffffff  __TI_prof_data_start           
ffffffff  __binit__                      
ffffffff  __c_args__                     
ffffffff  binit                          
UNDEFED   SHT$$INIT_ARRAY$$Base          
UNDEFED   SHT$$INIT_ARRAY$$Limit         

[111 symbols]
