******************************************************************************
                  TI ARM Linker Unix v16.9.3                   
******************************************************************************
>> Linked Thu Sep 21 16:56:08 2017

OUTPUT FILE NAME:   <lab2.out>
ENTRY POINT SYMBOL: "_c_int00"  address: 00000939


MEMORY CONFIGURATION

         name            origin    length      used     unused   attr    fill
----------------------  --------  ---------  --------  --------  ----  --------
  MAIN                  00000000   00040000  00000ac0  0003f540  R  X
  INFO                  00200000   00004000  00000000  00004000  R  X
  SRAM_CODE             01000000   00010000  0000021c  0000fde4  RW X
  SRAM_DATA             20000000   00010000  0000021c  0000fde4  RW  


SEGMENT ALLOCATION MAP

run origin  load origin   length   init length attrs members
----------  ----------- ---------- ----------- ----- -------
00000000    00000000    00000ac0   00000ac0    r-x
  00000000    00000000    000000e4   000000e4    r-- .intvecs
  000000e4    000000e4    000009b4   000009b4    r-x .text
  00000a98    00000a98    00000028   00000028    r-- .cinit
20000000    20000000    0000001c   00000000    rw-
  20000000    20000000    0000001c   00000000    rw- .data
2000fe00    2000fe00    00000200   00000000    rw-
  2000fe00    2000fe00    00000200   00000000    rw- .stack


SECTION ALLOCATION MAP

 output                                  attributes/
section   page    origin      length       input sections
--------  ----  ----------  ----------   ----------------
.intvecs   0    00000000    000000e4     
                  00000000    000000e4     startup_msp432p401r_ccs.obj (.intvecs:retain)

.text      0    000000e4    000009b4     
                  000000e4    0000032c     system_msp432p401r.obj (.text)
                  00000410    000002a8     port.obj (.text)
                  000006b8    0000010c     timer.obj (.text)
                  000007c4    0000009c     rtsv7M4_T_le_v4SPD16_eabi.lib : memcpy_t2.obj (.text)
                  00000860    00000070                                   : autoinit.obj (.text)
                  000008d0    00000068                                   : copy_decompress_lzss.obj (.text:decompress:lzss)
                  00000938    00000054                                   : boot.obj (.text)
                  0000098c    00000054                                   : exit.obj (.text)
                  000009e0    0000004c                                   : cpy_tbl.obj (.text)
                  00000a2c    0000001c     main.obj (.text)
                  00000a48    00000018     rtsv7M4_T_le_v4SPD16_eabi.lib : args_main.obj (.text)
                  00000a60    00000014                                   : _lock.obj (.text)
                  00000a74    0000000e                                   : copy_decompress_none.obj (.text:decompress:none)
                  00000a82    0000000e     startup_msp432p401r_ccs.obj (.text)
                  00000a90    00000004     rtsv7M4_T_le_v4SPD16_eabi.lib : pre_init.obj (.text)
                  00000a94    00000002                                   : mpu_init.obj (.text)
                  00000a96    00000002                                   : startup.obj (.text)

.cinit     0    00000a98    00000028     
                  00000a98    00000015     (.cinit..data.load) [load image, compression = lzss]
                  00000aad    00000003     --HOLE-- [fill = 0]
                  00000ab0    00000008     (__TI_handler_table)
                  00000ab8    00000008     (__TI_cinit_table)

.init_array 
*          0    00000000    00000000     UNINITIALIZED

.binit     0    00000000    00000000     

.data      0    20000000    0000001c     UNINITIALIZED
                  20000000    0000000c     rtsv7M4_T_le_v4SPD16_eabi.lib : exit.obj (.data:$O1$$)
                  2000000c    00000008                                   : _lock.obj (.data:$O1$$)
                  20000014    00000004                                   : stkdepth_vars.obj (.data)
                  20000018    00000004     system_msp432p401r.obj (.data)

.stack     0    2000fe00    00000200     UNINITIALIZED
                  2000fe00    00000200     --HOLE--

MODULE SUMMARY

       Module                        code   ro data   rw data
       ------                        ----   -------   -------
    ./
       system_msp432p401r.obj        812    0         8      
       port.obj                      680    0         0      
       timer.obj                     268    0         0      
       startup_msp432p401r_ccs.obj   14     228       0      
       main.obj                      28     0         0      
    +--+-----------------------------+------+---------+---------+
       Total:                        1802   228       8      
                                                             
    /home/kk/ti/ccsv7/tools/compiler/ti-cgt-arm_16.9.3.LTS/lib/rtsv7M4_T_le_v4SPD16_eabi.lib
       memcpy_t2.obj                 156    0         0      
       autoinit.obj                  112    0         0      
       exit.obj                      84     0         24     
       copy_decompress_lzss.obj      104    0         0      
       boot.obj                      84     0         0      
       cpy_tbl.obj                   76     0         0      
       _lock.obj                     20     0         16     
       args_main.obj                 24     0         0      
       copy_decompress_none.obj      14     0         0      
       stkdepth_vars.obj             0      0         8      
       pre_init.obj                  4      0         0      
       mpu_init.obj                  2      0         0      
       startup.obj                   2      0         0      
    +--+-----------------------------+------+---------+---------+
       Total:                        682    0         48     
                                                             
       Stack:                        0      0         1024   
       Linker Generated:             0      37        0      
    +--+-----------------------------+------+---------+---------+
       Grand Total:                  2484   265       1080   


LINKER GENERATED COPY TABLES

__TI_cinit_table @ 00000ab8 records: 1, size/record: 8, table size: 8
	.data: load addr=00000a98, load size=00000015 bytes, run addr=20000000, run size=0000001c bytes, compression=lzss


LINKER GENERATED HANDLER TABLE

__TI_handler_table @ 00000ab0 records: 2, size/record: 4, table size: 8
	index: 0, handler: __TI_decompress_lzss
	index: 1, handler: __TI_decompress_none


GLOBAL SYMBOLS: SORTED ALPHABETICALLY BY Name 

address   name                           
-------   ----                           
00000a8f  ADC14_IRQHandler               
00000a8f  AES256_IRQHandler              
00000a8f  BusFault_Handler               
0000098d  C$$EXIT                        
00000a8f  COMP_E0_IRQHandler             
00000a8f  COMP_E1_IRQHandler             
00000a8f  CS_IRQHandler                  
00000a8f  DMA_ERR_IRQHandler             
00000a8f  DMA_INT0_IRQHandler            
00000a8f  DMA_INT1_IRQHandler            
00000a8f  DMA_INT2_IRQHandler            
00000a8f  DMA_INT3_IRQHandler            
00000a8f  DebugMon_Handler               
00000a8f  Default_Handler                
00000a8f  EUSCIA0_IRQHandler             
00000a8f  EUSCIA1_IRQHandler             
00000a8f  EUSCIA2_IRQHandler             
00000a8f  EUSCIA3_IRQHandler             
00000a8f  EUSCIB0_IRQHandler             
00000a8f  EUSCIB1_IRQHandler             
00000a8f  EUSCIB2_IRQHandler             
00000a8f  EUSCIB3_IRQHandler             
00000a8f  FLCTL_IRQHandler               
00000a8f  FPU_IRQHandler                 
0000043d  GPIO_configure                 
00000a8f  HardFault_Handler              
00000a8f  MemManage_Handler              
00000a8f  NMI_Handler                    
00000a8f  PCM_IRQHandler                 
00000541  PORT1_IRQHandler               
00000541  PORT1_IRQHandler               
0000054d  PORT2_IRQHandler               
0000054d  PORT2_IRQHandler               
00000a8f  PORT3_IRQHandler               
00000a8f  PORT4_IRQHandler               
00000a8f  PORT5_IRQHandler               
00000a8f  PORT6_IRQHandler               
00000a8f  PSS_IRQHandler                 
00000a8f  PendSV_Handler                 
00000a8f  RTC_C_IRQHandler               
00000a83  Reset_Handler                  
UNDEFED   SHT$$INIT_ARRAY$$Base          
UNDEFED   SHT$$INIT_ARRAY$$Limit         
00000a8f  SVC_Handler                    
00000a8f  SysTick_Handler                
20000018  SystemCoreClock                
000000e5  SystemCoreClockUpdate          
00000359  SystemInit                     
00000a8f  T32_INT1_IRQHandler            
00000a8f  T32_INT2_IRQHandler            
00000a8f  T32_INTC_IRQHandler            
00000753  TA0_0_IRQHandler               
00000753  TA0_0_IRQHandler               
00000769  TA0_N_IRQHandler               
00000769  TA0_N_IRQHandler               
00000a8f  TA1_0_IRQHandler               
00000a8f  TA1_N_IRQHandler               
00000a8f  TA2_0_IRQHandler               
00000a8f  TA2_N_IRQHandler               
00000a8f  TA3_0_IRQHandler               
00000a8f  TA3_N_IRQHandler               
00000a8f  UsageFault_Handler             
4000480c  WDTCTL_SYM                     
00000a8f  WDT_A_IRQHandler               
20010000  __STACK_END                    
00000200  __STACK_SIZE                   
00000ab8  __TI_CINIT_Base                
00000ac0  __TI_CINIT_Limit               
00000ab0  __TI_Handler_Table_Base        
00000ab8  __TI_Handler_Table_Limit       
00000861  __TI_auto_init                 
20000000  __TI_cleanup_ptr               
000008d1  __TI_decompress_lzss           
00000a75  __TI_decompress_none           
20000004  __TI_dtors_ptr                 
20000008  __TI_enable_exit_profile_output
ffffffff  __TI_pprof_out_hndl            
ffffffff  __TI_prof_data_size            
ffffffff  __TI_prof_data_start           
00000000  __TI_static_base__             
000007c5  __aeabi_memcpy                 
000007c5  __aeabi_memcpy4                
000007c5  __aeabi_memcpy8                
ffffffff  __binit__                      
ffffffff  __c_args__                     
00000a95  __mpu_init                     
2000fe00  __stack                        
00000a49  _args_main                     
00000939  _c_int00                       
2000000c  _lock                          
00000a6f  _nop                           
00000a67  _register_lock                 
00000a61  _register_unlock               
00000a97  _system_post_cinit             
00000a91  _system_pre_init               
20000010  _unlock                        
00000991  abort                          
ffffffff  binit                          
000009e1  copy_in                        
00000999  exit                           
00000000  interruptVectors               
00000615  latencyTestP4                  
00000a2d  main                           
20000014  main_func_sp                   
000007c5  memcpy                         
0000054f  testLED1                       
000005b5  testRGB                        
000006e5  timer_a0_config                
00000723  timer_a0_configTimer1          


GLOBAL SYMBOLS: SORTED BY Symbol Address 

address   name                           
-------   ----                           
00000000  __TI_static_base__             
00000000  interruptVectors               
000000e5  SystemCoreClockUpdate          
00000200  __STACK_SIZE                   
00000359  SystemInit                     
0000043d  GPIO_configure                 
00000541  PORT1_IRQHandler               
00000541  PORT1_IRQHandler               
0000054d  PORT2_IRQHandler               
0000054d  PORT2_IRQHandler               
0000054f  testLED1                       
000005b5  testRGB                        
00000615  latencyTestP4                  
000006e5  timer_a0_config                
00000723  timer_a0_configTimer1          
00000753  TA0_0_IRQHandler               
00000753  TA0_0_IRQHandler               
00000769  TA0_N_IRQHandler               
00000769  TA0_N_IRQHandler               
000007c5  __aeabi_memcpy                 
000007c5  __aeabi_memcpy4                
000007c5  __aeabi_memcpy8                
000007c5  memcpy                         
00000861  __TI_auto_init                 
000008d1  __TI_decompress_lzss           
00000939  _c_int00                       
0000098d  C$$EXIT                        
00000991  abort                          
00000999  exit                           
000009e1  copy_in                        
00000a2d  main                           
00000a49  _args_main                     
00000a61  _register_unlock               
00000a67  _register_lock                 
00000a6f  _nop                           
00000a75  __TI_decompress_none           
00000a83  Reset_Handler                  
00000a8f  ADC14_IRQHandler               
00000a8f  AES256_IRQHandler              
00000a8f  BusFault_Handler               
00000a8f  COMP_E0_IRQHandler             
00000a8f  COMP_E1_IRQHandler             
00000a8f  CS_IRQHandler                  
00000a8f  DMA_ERR_IRQHandler             
00000a8f  DMA_INT0_IRQHandler            
00000a8f  DMA_INT1_IRQHandler            
00000a8f  DMA_INT2_IRQHandler            
00000a8f  DMA_INT3_IRQHandler            
00000a8f  DebugMon_Handler               
00000a8f  Default_Handler                
00000a8f  EUSCIA0_IRQHandler             
00000a8f  EUSCIA1_IRQHandler             
00000a8f  EUSCIA2_IRQHandler             
00000a8f  EUSCIA3_IRQHandler             
00000a8f  EUSCIB0_IRQHandler             
00000a8f  EUSCIB1_IRQHandler             
00000a8f  EUSCIB2_IRQHandler             
00000a8f  EUSCIB3_IRQHandler             
00000a8f  FLCTL_IRQHandler               
00000a8f  FPU_IRQHandler                 
00000a8f  HardFault_Handler              
00000a8f  MemManage_Handler              
00000a8f  NMI_Handler                    
00000a8f  PCM_IRQHandler                 
00000a8f  PORT3_IRQHandler               
00000a8f  PORT4_IRQHandler               
00000a8f  PORT5_IRQHandler               
00000a8f  PORT6_IRQHandler               
00000a8f  PSS_IRQHandler                 
00000a8f  PendSV_Handler                 
00000a8f  RTC_C_IRQHandler               
00000a8f  SVC_Handler                    
00000a8f  SysTick_Handler                
00000a8f  T32_INT1_IRQHandler            
00000a8f  T32_INT2_IRQHandler            
00000a8f  T32_INTC_IRQHandler            
00000a8f  TA1_0_IRQHandler               
00000a8f  TA1_N_IRQHandler               
00000a8f  TA2_0_IRQHandler               
00000a8f  TA2_N_IRQHandler               
00000a8f  TA3_0_IRQHandler               
00000a8f  TA3_N_IRQHandler               
00000a8f  UsageFault_Handler             
00000a8f  WDT_A_IRQHandler               
00000a91  _system_pre_init               
00000a95  __mpu_init                     
00000a97  _system_post_cinit             
00000ab0  __TI_Handler_Table_Base        
00000ab8  __TI_CINIT_Base                
00000ab8  __TI_Handler_Table_Limit       
00000ac0  __TI_CINIT_Limit               
20000000  __TI_cleanup_ptr               
20000004  __TI_dtors_ptr                 
20000008  __TI_enable_exit_profile_output
2000000c  _lock                          
20000010  _unlock                        
20000014  main_func_sp                   
20000018  SystemCoreClock                
2000fe00  __stack                        
20010000  __STACK_END                    
4000480c  WDTCTL_SYM                     
ffffffff  __TI_pprof_out_hndl            
ffffffff  __TI_prof_data_size            
ffffffff  __TI_prof_data_start           
ffffffff  __binit__                      
ffffffff  __c_args__                     
ffffffff  binit                          
UNDEFED   SHT$$INIT_ARRAY$$Base          
UNDEFED   SHT$$INIT_ARRAY$$Limit         

[109 symbols]
