******************************************************************************
                  TI ARM Linker Unix v16.9.3                   
******************************************************************************
>> Linked Tue Sep 12 11:31:36 2017

OUTPUT FILE NAME:   <lab2.out>
ENTRY POINT SYMBOL: "_c_int00"  address: 00000809


MEMORY CONFIGURATION

         name            origin    length      used     unused   attr    fill
----------------------  --------  ---------  --------  --------  ----  --------
  MAIN                  00000000   00040000  0000098c  0003f674  R  X
  INFO                  00200000   00004000  00000000  00004000  R  X
  SRAM_CODE             01000000   00010000  0000021c  0000fde4  RW X
  SRAM_DATA             20000000   00010000  0000021c  0000fde4  RW  


SEGMENT ALLOCATION MAP

run origin  load origin   length   init length attrs members
----------  ----------- ---------- ----------- ----- -------
00000000    00000000    00000990   00000990    r-x
  00000000    00000000    000000e4   000000e4    r-- .intvecs
  000000e4    000000e4    00000880   00000880    r-x .text
  00000968    00000968    00000028   00000028    r-- .cinit
20000000    20000000    0000001c   00000000    rw-
  20000000    20000000    0000001c   00000000    rw- .data
2000fe00    2000fe00    00000200   00000000    rw-
  2000fe00    2000fe00    00000200   00000000    rw- .stack


SECTION ALLOCATION MAP

 output                                  attributes/
section   page    origin      length       input sections
--------  ----  ----------  ----------   ----------------
.intvecs   0    00000000    000000e4     
                  00000000    000000e4     startup_msp432p401r_ccs.obj (.intvecs:retain)

.text      0    000000e4    00000880     
                  000000e4    0000032c     system_msp432p401r.obj (.text)
                  00000410    00000284     port.obj (.text)
                  00000694    0000009c     rtsv7M4_T_le_v4SPD16_eabi.lib : memcpy_t2.obj (.text)
                  00000730    00000070                                   : autoinit.obj (.text)
                  000007a0    00000068                                   : copy_decompress_lzss.obj (.text:decompress:lzss)
                  00000808    00000054                                   : boot.obj (.text)
                  0000085c    00000054                                   : exit.obj (.text)
                  000008b0    0000004c                                   : cpy_tbl.obj (.text)
                  000008fc    00000018     main.obj (.text)
                  00000914    00000018     rtsv7M4_T_le_v4SPD16_eabi.lib : args_main.obj (.text)
                  0000092c    00000014                                   : _lock.obj (.text)
                  00000940    0000000e                                   : copy_decompress_none.obj (.text:decompress:none)
                  0000094e    0000000e     startup_msp432p401r_ccs.obj (.text)
                  0000095c    00000004     rtsv7M4_T_le_v4SPD16_eabi.lib : pre_init.obj (.text)
                  00000960    00000002                                   : mpu_init.obj (.text)
                  00000962    00000002                                   : startup.obj (.text)

.cinit     0    00000968    00000028     
                  00000968    00000015     (.cinit..data.load) [load image, compression = lzss]
                  0000097d    00000003     --HOLE-- [fill = 0]
                  00000980    00000008     (__TI_handler_table)
                  00000988    00000008     (__TI_cinit_table)

.init_array 
*          0    00000000    00000000     UNINITIALIZED

.binit     0    00000000    00000000     

.data      0    20000000    0000001c     UNINITIALIZED
                  20000000    0000000c     rtsv7M4_T_le_v4SPD16_eabi.lib : exit.obj (.data:$O1$$)
                  2000000c    00000008                                   : _lock.obj (.data:$O1$$)
                  20000014    00000004                                   : stkdepth_vars.obj (.data)
                  20000018    00000004     system_msp432p401r.obj (.data)

.stack     0    2000fe00    00000200     UNINITIALIZED
                  2000fe00    00000200     --HOLE--

MODULE SUMMARY

       Module                        code   ro data   rw data
       ------                        ----   -------   -------
    ./
       system_msp432p401r.obj        812    0         8      
       port.obj                      644    0         0      
       startup_msp432p401r_ccs.obj   14     228       0      
       main.obj                      24     0         0      
    +--+-----------------------------+------+---------+---------+
       Total:                        1494   228       8      
                                                             
    /home/kk/ti/ccsv7/tools/compiler/ti-cgt-arm_16.9.3.LTS/lib/rtsv7M4_T_le_v4SPD16_eabi.lib
       memcpy_t2.obj                 156    0         0      
       autoinit.obj                  112    0         0      
       exit.obj                      84     0         24     
       copy_decompress_lzss.obj      104    0         0      
       boot.obj                      84     0         0      
       cpy_tbl.obj                   76     0         0      
       _lock.obj                     20     0         16     
       args_main.obj                 24     0         0      
       copy_decompress_none.obj      14     0         0      
       stkdepth_vars.obj             0      0         8      
       pre_init.obj                  4      0         0      
       mpu_init.obj                  2      0         0      
       startup.obj                   2      0         0      
    +--+-----------------------------+------+---------+---------+
       Total:                        682    0         48     
                                                             
       Stack:                        0      0         1024   
       Linker Generated:             0      37        0      
    +--+-----------------------------+------+---------+---------+
       Grand Total:                  2176   265       1080   


LINKER GENERATED COPY TABLES

__TI_cinit_table @ 00000988 records: 1, size/record: 8, table size: 8
	.data: load addr=00000968, load size=00000015 bytes, run addr=20000000, run size=0000001c bytes, compression=lzss


LINKER GENERATED HANDLER TABLE

__TI_handler_table @ 00000980 records: 2, size/record: 4, table size: 8
	index: 0, handler: __TI_decompress_lzss
	index: 1, handler: __TI_decompress_none


GLOBAL SYMBOLS: SORTED ALPHABETICALLY BY Name 

address   name                           
-------   ----                           
0000095b  ADC14_IRQHandler               
0000095b  AES256_IRQHandler              
0000095b  BusFault_Handler               
0000085d  C$$EXIT                        
0000095b  COMP_E0_IRQHandler             
0000095b  COMP_E1_IRQHandler             
0000095b  CS_IRQHandler                  
0000095b  DMA_ERR_IRQHandler             
0000095b  DMA_INT0_IRQHandler            
0000095b  DMA_INT1_IRQHandler            
0000095b  DMA_INT2_IRQHandler            
0000095b  DMA_INT3_IRQHandler            
0000095b  DebugMon_Handler               
0000095b  Default_Handler                
0000095b  EUSCIA0_IRQHandler             
0000095b  EUSCIA1_IRQHandler             
0000095b  EUSCIA2_IRQHandler             
0000095b  EUSCIA3_IRQHandler             
0000095b  EUSCIB0_IRQHandler             
0000095b  EUSCIB1_IRQHandler             
0000095b  EUSCIB2_IRQHandler             
0000095b  EUSCIB3_IRQHandler             
0000095b  FLCTL_IRQHandler               
0000095b  FPU_IRQHandler                 
0000043d  GPIO_configure                 
0000095b  HardFault_Handler              
0000095b  MemManage_Handler              
0000095b  NMI_Handler                    
0000095b  PCM_IRQHandler                 
0000053f  PORT1_IRQHandler               
0000053f  PORT1_IRQHandler               
0000095b  PORT2_IRQHandler               
0000095b  PORT3_IRQHandler               
0000095b  PORT4_IRQHandler               
0000095b  PORT5_IRQHandler               
0000095b  PORT6_IRQHandler               
0000095b  PSS_IRQHandler                 
0000095b  PendSV_Handler                 
0000095b  RTC_C_IRQHandler               
0000094f  Reset_Handler                  
UNDEFED   SHT$$INIT_ARRAY$$Base          
UNDEFED   SHT$$INIT_ARRAY$$Limit         
0000095b  SVC_Handler                    
0000095b  SysTick_Handler                
20000018  SystemCoreClock                
000000e5  SystemCoreClockUpdate          
00000359  SystemInit                     
0000095b  T32_INT1_IRQHandler            
0000095b  T32_INT2_IRQHandler            
0000095b  T32_INTC_IRQHandler            
0000095b  TA0_0_IRQHandler               
0000095b  TA0_N_IRQHandler               
0000095b  TA1_0_IRQHandler               
0000095b  TA1_N_IRQHandler               
0000095b  TA2_0_IRQHandler               
0000095b  TA2_N_IRQHandler               
0000095b  TA3_0_IRQHandler               
0000095b  TA3_N_IRQHandler               
0000095b  UsageFault_Handler             
4000480c  WDTCTL_SYM                     
0000095b  WDT_A_IRQHandler               
20010000  __STACK_END                    
00000200  __STACK_SIZE                   
00000988  __TI_CINIT_Base                
00000990  __TI_CINIT_Limit               
00000980  __TI_Handler_Table_Base        
00000988  __TI_Handler_Table_Limit       
00000731  __TI_auto_init                 
20000000  __TI_cleanup_ptr               
000007a1  __TI_decompress_lzss           
00000941  __TI_decompress_none           
20000004  __TI_dtors_ptr                 
20000008  __TI_enable_exit_profile_output
ffffffff  __TI_pprof_out_hndl            
ffffffff  __TI_prof_data_size            
ffffffff  __TI_prof_data_start           
00000000  __TI_static_base__             
00000695  __aeabi_memcpy                 
00000695  __aeabi_memcpy4                
00000695  __aeabi_memcpy8                
ffffffff  __binit__                      
ffffffff  __c_args__                     
00000961  __mpu_init                     
2000fe00  __stack                        
00000915  _args_main                     
00000809  _c_int00                       
2000000c  _lock                          
0000093b  _nop                           
00000933  _register_lock                 
0000092d  _register_unlock               
00000963  _system_post_cinit             
0000095d  _system_pre_init               
20000010  _unlock                        
00000861  abort                          
ffffffff  binit                          
000008b1  copy_in                        
00000869  exit                           
00000000  interruptVectors               
000008fd  main                           
20000014  main_func_sp                   
00000695  memcpy                         
0000059b  testLED1                       
00000601  testRGB                        


GLOBAL SYMBOLS: SORTED BY Symbol Address 

address   name                           
-------   ----                           
00000000  __TI_static_base__             
00000000  interruptVectors               
000000e5  SystemCoreClockUpdate          
00000200  __STACK_SIZE                   
00000359  SystemInit                     
0000043d  GPIO_configure                 
0000053f  PORT1_IRQHandler               
0000053f  PORT1_IRQHandler               
0000059b  testLED1                       
00000601  testRGB                        
00000695  __aeabi_memcpy                 
00000695  __aeabi_memcpy4                
00000695  __aeabi_memcpy8                
00000695  memcpy                         
00000731  __TI_auto_init                 
000007a1  __TI_decompress_lzss           
00000809  _c_int00                       
0000085d  C$$EXIT                        
00000861  abort                          
00000869  exit                           
000008b1  copy_in                        
000008fd  main                           
00000915  _args_main                     
0000092d  _register_unlock               
00000933  _register_lock                 
0000093b  _nop                           
00000941  __TI_decompress_none           
0000094f  Reset_Handler                  
0000095b  ADC14_IRQHandler               
0000095b  AES256_IRQHandler              
0000095b  BusFault_Handler               
0000095b  COMP_E0_IRQHandler             
0000095b  COMP_E1_IRQHandler             
0000095b  CS_IRQHandler                  
0000095b  DMA_ERR_IRQHandler             
0000095b  DMA_INT0_IRQHandler            
0000095b  DMA_INT1_IRQHandler            
0000095b  DMA_INT2_IRQHandler            
0000095b  DMA_INT3_IRQHandler            
0000095b  DebugMon_Handler               
0000095b  Default_Handler                
0000095b  EUSCIA0_IRQHandler             
0000095b  EUSCIA1_IRQHandler             
0000095b  EUSCIA2_IRQHandler             
0000095b  EUSCIA3_IRQHandler             
0000095b  EUSCIB0_IRQHandler             
0000095b  EUSCIB1_IRQHandler             
0000095b  EUSCIB2_IRQHandler             
0000095b  EUSCIB3_IRQHandler             
0000095b  FLCTL_IRQHandler               
0000095b  FPU_IRQHandler                 
0000095b  HardFault_Handler              
0000095b  MemManage_Handler              
0000095b  NMI_Handler                    
0000095b  PCM_IRQHandler                 
0000095b  PORT2_IRQHandler               
0000095b  PORT3_IRQHandler               
0000095b  PORT4_IRQHandler               
0000095b  PORT5_IRQHandler               
0000095b  PORT6_IRQHandler               
0000095b  PSS_IRQHandler                 
0000095b  PendSV_Handler                 
0000095b  RTC_C_IRQHandler               
0000095b  SVC_Handler                    
0000095b  SysTick_Handler                
0000095b  T32_INT1_IRQHandler            
0000095b  T32_INT2_IRQHandler            
0000095b  T32_INTC_IRQHandler            
0000095b  TA0_0_IRQHandler               
0000095b  TA0_N_IRQHandler               
0000095b  TA1_0_IRQHandler               
0000095b  TA1_N_IRQHandler               
0000095b  TA2_0_IRQHandler               
0000095b  TA2_N_IRQHandler               
0000095b  TA3_0_IRQHandler               
0000095b  TA3_N_IRQHandler               
0000095b  UsageFault_Handler             
0000095b  WDT_A_IRQHandler               
0000095d  _system_pre_init               
00000961  __mpu_init                     
00000963  _system_post_cinit             
00000980  __TI_Handler_Table_Base        
00000988  __TI_CINIT_Base                
00000988  __TI_Handler_Table_Limit       
00000990  __TI_CINIT_Limit               
20000000  __TI_cleanup_ptr               
20000004  __TI_dtors_ptr                 
20000008  __TI_enable_exit_profile_output
2000000c  _lock                          
20000010  _unlock                        
20000014  main_func_sp                   
20000018  SystemCoreClock                
2000fe00  __stack                        
20010000  __STACK_END                    
4000480c  WDTCTL_SYM                     
ffffffff  __TI_pprof_out_hndl            
ffffffff  __TI_prof_data_size            
ffffffff  __TI_prof_data_start           
ffffffff  __binit__                      
ffffffff  __c_args__                     
ffffffff  binit                          
UNDEFED   SHT$$INIT_ARRAY$$Base          
UNDEFED   SHT$$INIT_ARRAY$$Limit         

[103 symbols]
