******************************************************************************
                  TI ARM Linker Unix v16.9.3                   
******************************************************************************
>> Linked Sun Sep 17 16:14:04 2017

OUTPUT FILE NAME:   <lab2.out>
ENTRY POINT SYMBOL: "_c_int00"  address: 00000ad1


MEMORY CONFIGURATION

         name            origin    length      used     unused   attr    fill
----------------------  --------  ---------  --------  --------  ----  --------
  MAIN                  00000000   00040000  00000c5c  0003f3a4  R  X
  INFO                  00200000   00004000  00000000  00004000  R  X
  SRAM_CODE             01000000   00010000  0000021c  0000fde4  RW X
  SRAM_DATA             20000000   00010000  0000021c  0000fde4  RW  


SEGMENT ALLOCATION MAP

run origin  load origin   length   init length attrs members
----------  ----------- ---------- ----------- ----- -------
00000000    00000000    00000c60   00000c60    r-x
  00000000    00000000    000000e4   000000e4    r-- .intvecs
  000000e4    000000e4    00000b50   00000b50    r-x .text
  00000c38    00000c38    00000028   00000028    r-- .cinit
20000000    20000000    0000001c   00000000    rw-
  20000000    20000000    0000001c   00000000    rw- .data
2000fe00    2000fe00    00000200   00000000    rw-
  2000fe00    2000fe00    00000200   00000000    rw- .stack


SECTION ALLOCATION MAP

 output                                  attributes/
section   page    origin      length       input sections
--------  ----  ----------  ----------   ----------------
.intvecs   0    00000000    000000e4     
                  00000000    000000e4     startup_msp432p401r_ccs.obj (.intvecs:retain)

.text      0    000000e4    00000b50     
                  000000e4    000003fc     port.obj (.text)
                  000004e0    0000032c     system_msp432p401r.obj (.text)
                  0000080c    00000150     timer.obj (.text)
                  0000095c    0000009c     rtsv7M4_T_le_v4SPD16_eabi.lib : memcpy_t2.obj (.text)
                  000009f8    00000070                                   : autoinit.obj (.text)
                  00000a68    00000068                                   : copy_decompress_lzss.obj (.text:decompress:lzss)
                  00000ad0    00000054                                   : boot.obj (.text)
                  00000b24    00000054                                   : exit.obj (.text)
                  00000b78    0000004c                                   : cpy_tbl.obj (.text)
                  00000bc4    00000020     main.obj (.text)
                  00000be4    00000018     rtsv7M4_T_le_v4SPD16_eabi.lib : args_main.obj (.text)
                  00000bfc    00000014                                   : _lock.obj (.text)
                  00000c10    0000000e                                   : copy_decompress_none.obj (.text:decompress:none)
                  00000c1e    0000000e     startup_msp432p401r_ccs.obj (.text)
                  00000c2c    00000004     rtsv7M4_T_le_v4SPD16_eabi.lib : pre_init.obj (.text)
                  00000c30    00000002                                   : mpu_init.obj (.text)
                  00000c32    00000002                                   : startup.obj (.text)

.cinit     0    00000c38    00000028     
                  00000c38    00000015     (.cinit..data.load) [load image, compression = lzss]
                  00000c4d    00000003     --HOLE-- [fill = 0]
                  00000c50    00000008     (__TI_handler_table)
                  00000c58    00000008     (__TI_cinit_table)

.init_array 
*          0    00000000    00000000     UNINITIALIZED

.binit     0    00000000    00000000     

.data      0    20000000    0000001c     UNINITIALIZED
                  20000000    0000000c     rtsv7M4_T_le_v4SPD16_eabi.lib : exit.obj (.data:$O1$$)
                  2000000c    00000008                                   : _lock.obj (.data:$O1$$)
                  20000014    00000004                                   : stkdepth_vars.obj (.data)
                  20000018    00000004     system_msp432p401r.obj (.data)

.stack     0    2000fe00    00000200     UNINITIALIZED
                  2000fe00    00000200     --HOLE--

MODULE SUMMARY

       Module                        code   ro data   rw data
       ------                        ----   -------   -------
    ./
       port.obj                      1020   0         0      
       system_msp432p401r.obj        812    0         8      
       timer.obj                     336    0         0      
       startup_msp432p401r_ccs.obj   14     228       0      
       main.obj                      32     0         0      
    +--+-----------------------------+------+---------+---------+
       Total:                        2214   228       8      
                                                             
    /home/kk/ti/ccsv7/tools/compiler/ti-cgt-arm_16.9.3.LTS/lib/rtsv7M4_T_le_v4SPD16_eabi.lib
       memcpy_t2.obj                 156    0         0      
       autoinit.obj                  112    0         0      
       exit.obj                      84     0         24     
       copy_decompress_lzss.obj      104    0         0      
       boot.obj                      84     0         0      
       cpy_tbl.obj                   76     0         0      
       _lock.obj                     20     0         16     
       args_main.obj                 24     0         0      
       copy_decompress_none.obj      14     0         0      
       stkdepth_vars.obj             0      0         8      
       pre_init.obj                  4      0         0      
       mpu_init.obj                  2      0         0      
       startup.obj                   2      0         0      
    +--+-----------------------------+------+---------+---------+
       Total:                        682    0         48     
                                                             
       Stack:                        0      0         1024   
       Linker Generated:             0      37        0      
    +--+-----------------------------+------+---------+---------+
       Grand Total:                  2896   265       1080   


LINKER GENERATED COPY TABLES

__TI_cinit_table @ 00000c58 records: 1, size/record: 8, table size: 8
	.data: load addr=00000c38, load size=00000015 bytes, run addr=20000000, run size=0000001c bytes, compression=lzss


LINKER GENERATED HANDLER TABLE

__TI_handler_table @ 00000c50 records: 2, size/record: 4, table size: 8
	index: 0, handler: __TI_decompress_lzss
	index: 1, handler: __TI_decompress_none


GLOBAL SYMBOLS: SORTED ALPHABETICALLY BY Name 

address   name                           
-------   ----                           
00000c2b  ADC14_IRQHandler               
00000c2b  AES256_IRQHandler              
00000c2b  BusFault_Handler               
00000b25  C$$EXIT                        
00000c2b  COMP_E0_IRQHandler             
00000c2b  COMP_E1_IRQHandler             
00000c2b  CS_IRQHandler                  
00000c2b  DMA_ERR_IRQHandler             
00000c2b  DMA_INT0_IRQHandler            
00000c2b  DMA_INT1_IRQHandler            
00000c2b  DMA_INT2_IRQHandler            
00000c2b  DMA_INT3_IRQHandler            
00000c2b  DebugMon_Handler               
00000c2b  Default_Handler                
00000c2b  EUSCIA0_IRQHandler             
00000c2b  EUSCIA1_IRQHandler             
00000c2b  EUSCIA2_IRQHandler             
00000c2b  EUSCIA3_IRQHandler             
00000c2b  EUSCIB0_IRQHandler             
00000c2b  EUSCIB1_IRQHandler             
00000c2b  EUSCIB2_IRQHandler             
00000c2b  EUSCIB3_IRQHandler             
00000c2b  FLCTL_IRQHandler               
00000c2b  FPU_IRQHandler                 
00000111  GPIO_configure                 
00000c2b  HardFault_Handler              
00000c2b  MemManage_Handler              
00000c2b  NMI_Handler                    
00000c2b  PCM_IRQHandler                 
0000023d  PORT1_IRQHandler               
0000023d  PORT1_IRQHandler               
00000c2b  PORT2_IRQHandler               
00000c2b  PORT3_IRQHandler               
00000c2b  PORT4_IRQHandler               
00000c2b  PORT5_IRQHandler               
00000c2b  PORT6_IRQHandler               
00000c2b  PSS_IRQHandler                 
00000c2b  PendSV_Handler                 
00000c2b  RTC_C_IRQHandler               
00000c1f  Reset_Handler                  
UNDEFED   SHT$$INIT_ARRAY$$Base          
UNDEFED   SHT$$INIT_ARRAY$$Limit         
00000c2b  SVC_Handler                    
00000c2b  SysTick_Handler                
20000018  SystemCoreClock                
000004e1  SystemCoreClockUpdate          
00000755  SystemInit                     
00000c2b  T32_INT1_IRQHandler            
00000c2b  T32_INT2_IRQHandler            
00000c2b  T32_INTC_IRQHandler            
000008cb  TA0_0_IRQHandler               
000008cb  TA0_0_IRQHandler               
0000090f  TA0_N_IRQHandler               
0000090f  TA0_N_IRQHandler               
00000c2b  TA1_0_IRQHandler               
00000c2b  TA1_N_IRQHandler               
00000c2b  TA2_0_IRQHandler               
00000c2b  TA2_N_IRQHandler               
00000c2b  TA3_0_IRQHandler               
00000c2b  TA3_N_IRQHandler               
00000c2b  UsageFault_Handler             
4000480c  WDTCTL_SYM                     
00000c2b  WDT_A_IRQHandler               
20010000  __STACK_END                    
00000200  __STACK_SIZE                   
00000c58  __TI_CINIT_Base                
00000c60  __TI_CINIT_Limit               
00000c50  __TI_Handler_Table_Base        
00000c58  __TI_Handler_Table_Limit       
000009f9  __TI_auto_init                 
20000000  __TI_cleanup_ptr               
00000a69  __TI_decompress_lzss           
00000c11  __TI_decompress_none           
20000004  __TI_dtors_ptr                 
20000008  __TI_enable_exit_profile_output
ffffffff  __TI_pprof_out_hndl            
ffffffff  __TI_prof_data_size            
ffffffff  __TI_prof_data_start           
00000000  __TI_static_base__             
0000095d  __aeabi_memcpy                 
0000095d  __aeabi_memcpy4                
0000095d  __aeabi_memcpy8                
ffffffff  __binit__                      
ffffffff  __c_args__                     
00000c31  __mpu_init                     
2000fe00  __stack                        
00000be5  _args_main                     
00000ad1  _c_int00                       
2000000c  _lock                          
00000c0b  _nop                           
00000c03  _register_lock                 
00000bfd  _register_unlock               
00000c33  _system_post_cinit             
00000c2d  _system_pre_init               
20000010  _unlock                        
00000b29  abort                          
ffffffff  binit                          
00000b79  copy_in                        
00000b31  exit                           
00000000  interruptVectors               
00000365  latencyTestP1                  
00000399  latencyTestP4                  
00000bc5  main                           
20000014  main_func_sp                   
0000095d  memcpy                         
000003eb  rgbConfig                      
00000415  rgbCycle                       
0000029f  testLED1                       
00000305  testRGB                        
00000839  timer_a0_config                
00000889  timer_a0_configTimer1          


GLOBAL SYMBOLS: SORTED BY Symbol Address 

address   name                           
-------   ----                           
00000000  __TI_static_base__             
00000000  interruptVectors               
00000111  GPIO_configure                 
00000200  __STACK_SIZE                   
0000023d  PORT1_IRQHandler               
0000023d  PORT1_IRQHandler               
0000029f  testLED1                       
00000305  testRGB                        
00000365  latencyTestP1                  
00000399  latencyTestP4                  
000003eb  rgbConfig                      
00000415  rgbCycle                       
000004e1  SystemCoreClockUpdate          
00000755  SystemInit                     
00000839  timer_a0_config                
00000889  timer_a0_configTimer1          
000008cb  TA0_0_IRQHandler               
000008cb  TA0_0_IRQHandler               
0000090f  TA0_N_IRQHandler               
0000090f  TA0_N_IRQHandler               
0000095d  __aeabi_memcpy                 
0000095d  __aeabi_memcpy4                
0000095d  __aeabi_memcpy8                
0000095d  memcpy                         
000009f9  __TI_auto_init                 
00000a69  __TI_decompress_lzss           
00000ad1  _c_int00                       
00000b25  C$$EXIT                        
00000b29  abort                          
00000b31  exit                           
00000b79  copy_in                        
00000bc5  main                           
00000be5  _args_main                     
00000bfd  _register_unlock               
00000c03  _register_lock                 
00000c0b  _nop                           
00000c11  __TI_decompress_none           
00000c1f  Reset_Handler                  
00000c2b  ADC14_IRQHandler               
00000c2b  AES256_IRQHandler              
00000c2b  BusFault_Handler               
00000c2b  COMP_E0_IRQHandler             
00000c2b  COMP_E1_IRQHandler             
00000c2b  CS_IRQHandler                  
00000c2b  DMA_ERR_IRQHandler             
00000c2b  DMA_INT0_IRQHandler            
00000c2b  DMA_INT1_IRQHandler            
00000c2b  DMA_INT2_IRQHandler            
00000c2b  DMA_INT3_IRQHandler            
00000c2b  DebugMon_Handler               
00000c2b  Default_Handler                
00000c2b  EUSCIA0_IRQHandler             
00000c2b  EUSCIA1_IRQHandler             
00000c2b  EUSCIA2_IRQHandler             
00000c2b  EUSCIA3_IRQHandler             
00000c2b  EUSCIB0_IRQHandler             
00000c2b  EUSCIB1_IRQHandler             
00000c2b  EUSCIB2_IRQHandler             
00000c2b  EUSCIB3_IRQHandler             
00000c2b  FLCTL_IRQHandler               
00000c2b  FPU_IRQHandler                 
00000c2b  HardFault_Handler              
00000c2b  MemManage_Handler              
00000c2b  NMI_Handler                    
00000c2b  PCM_IRQHandler                 
00000c2b  PORT2_IRQHandler               
00000c2b  PORT3_IRQHandler               
00000c2b  PORT4_IRQHandler               
00000c2b  PORT5_IRQHandler               
00000c2b  PORT6_IRQHandler               
00000c2b  PSS_IRQHandler                 
00000c2b  PendSV_Handler                 
00000c2b  RTC_C_IRQHandler               
00000c2b  SVC_Handler                    
00000c2b  SysTick_Handler                
00000c2b  T32_INT1_IRQHandler            
00000c2b  T32_INT2_IRQHandler            
00000c2b  T32_INTC_IRQHandler            
00000c2b  TA1_0_IRQHandler               
00000c2b  TA1_N_IRQHandler               
00000c2b  TA2_0_IRQHandler               
00000c2b  TA2_N_IRQHandler               
00000c2b  TA3_0_IRQHandler               
00000c2b  TA3_N_IRQHandler               
00000c2b  UsageFault_Handler             
00000c2b  WDT_A_IRQHandler               
00000c2d  _system_pre_init               
00000c31  __mpu_init                     
00000c33  _system_post_cinit             
00000c50  __TI_Handler_Table_Base        
00000c58  __TI_CINIT_Base                
00000c58  __TI_Handler_Table_Limit       
00000c60  __TI_CINIT_Limit               
20000000  __TI_cleanup_ptr               
20000004  __TI_dtors_ptr                 
20000008  __TI_enable_exit_profile_output
2000000c  _lock                          
20000010  _unlock                        
20000014  main_func_sp                   
20000018  SystemCoreClock                
2000fe00  __stack                        
20010000  __STACK_END                    
4000480c  WDTCTL_SYM                     
ffffffff  __TI_pprof_out_hndl            
ffffffff  __TI_prof_data_size            
ffffffff  __TI_prof_data_start           
ffffffff  __binit__                      
ffffffff  __c_args__                     
ffffffff  binit                          
UNDEFED   SHT$$INIT_ARRAY$$Base          
UNDEFED   SHT$$INIT_ARRAY$$Limit         

[111 symbols]
