******************************************************************************
                  TI ARM Linker Unix v16.9.3                   
******************************************************************************
>> Linked Wed Sep 13 21:06:34 2017

OUTPUT FILE NAME:   <lab2.out>
ENTRY POINT SYMBOL: "_c_int00"  address: 00000831


MEMORY CONFIGURATION

         name            origin    length      used     unused   attr    fill
----------------------  --------  ---------  --------  --------  ----  --------
  MAIN                  00000000   00040000  000009c8  0003f638  R  X
  INFO                  00200000   00004000  00000000  00004000  R  X
  SRAM_CODE             01000000   00010000  0000021c  0000fde4  RW X
  SRAM_DATA             20000000   00010000  0000021c  0000fde4  RW  


SEGMENT ALLOCATION MAP

run origin  load origin   length   init length attrs members
----------  ----------- ---------- ----------- ----- -------
00000000    00000000    000009c8   000009c8    r-x
  00000000    00000000    000000e4   000000e4    r-- .intvecs
  000000e4    000000e4    000008bc   000008bc    r-x .text
  000009a0    000009a0    00000028   00000028    r-- .cinit
20000000    20000000    0000001c   00000000    rw-
  20000000    20000000    0000001c   00000000    rw- .data
2000fe00    2000fe00    00000200   00000000    rw-
  2000fe00    2000fe00    00000200   00000000    rw- .stack


SECTION ALLOCATION MAP

 output                                  attributes/
section   page    origin      length       input sections
--------  ----  ----------  ----------   ----------------
.intvecs   0    00000000    000000e4     
                  00000000    000000e4     startup_msp432p401r_ccs.obj (.intvecs:retain)

.text      0    000000e4    000008bc     
                  000000e4    0000032c     system_msp432p401r.obj (.text)
                  00000410    000002ac     port.obj (.text)
                  000006bc    0000009c     rtsv7M4_T_le_v4SPD16_eabi.lib : memcpy_t2.obj (.text)
                  00000758    00000070                                   : autoinit.obj (.text)
                  000007c8    00000068                                   : copy_decompress_lzss.obj (.text:decompress:lzss)
                  00000830    00000054                                   : boot.obj (.text)
                  00000884    00000054                                   : exit.obj (.text)
                  000008d8    0000004c                                   : cpy_tbl.obj (.text)
                  00000924    0000002c     main.obj (.text)
                  00000950    00000018     rtsv7M4_T_le_v4SPD16_eabi.lib : args_main.obj (.text)
                  00000968    00000014                                   : _lock.obj (.text)
                  0000097c    0000000e                                   : copy_decompress_none.obj (.text:decompress:none)
                  0000098a    0000000e     startup_msp432p401r_ccs.obj (.text)
                  00000998    00000004     rtsv7M4_T_le_v4SPD16_eabi.lib : pre_init.obj (.text)
                  0000099c    00000002                                   : mpu_init.obj (.text)
                  0000099e    00000002                                   : startup.obj (.text)

.cinit     0    000009a0    00000028     
                  000009a0    00000015     (.cinit..data.load) [load image, compression = lzss]
                  000009b5    00000003     --HOLE-- [fill = 0]
                  000009b8    00000008     (__TI_handler_table)
                  000009c0    00000008     (__TI_cinit_table)

.init_array 
*          0    00000000    00000000     UNINITIALIZED

.binit     0    00000000    00000000     

.data      0    20000000    0000001c     UNINITIALIZED
                  20000000    0000000c     rtsv7M4_T_le_v4SPD16_eabi.lib : exit.obj (.data:$O1$$)
                  2000000c    00000008                                   : _lock.obj (.data:$O1$$)
                  20000014    00000004                                   : stkdepth_vars.obj (.data)
                  20000018    00000004     system_msp432p401r.obj (.data)

.stack     0    2000fe00    00000200     UNINITIALIZED
                  2000fe00    00000200     --HOLE--

MODULE SUMMARY

       Module                        code   ro data   rw data
       ------                        ----   -------   -------
    ./
       system_msp432p401r.obj        812    0         8      
       port.obj                      684    0         0      
       startup_msp432p401r_ccs.obj   14     228       0      
       main.obj                      44     0         0      
    +--+-----------------------------+------+---------+---------+
       Total:                        1554   228       8      
                                                             
    /home/kk/ti/ccsv7/tools/compiler/ti-cgt-arm_16.9.3.LTS/lib/rtsv7M4_T_le_v4SPD16_eabi.lib
       memcpy_t2.obj                 156    0         0      
       autoinit.obj                  112    0         0      
       exit.obj                      84     0         24     
       copy_decompress_lzss.obj      104    0         0      
       boot.obj                      84     0         0      
       cpy_tbl.obj                   76     0         0      
       _lock.obj                     20     0         16     
       args_main.obj                 24     0         0      
       copy_decompress_none.obj      14     0         0      
       stkdepth_vars.obj             0      0         8      
       pre_init.obj                  4      0         0      
       mpu_init.obj                  2      0         0      
       startup.obj                   2      0         0      
    +--+-----------------------------+------+---------+---------+
       Total:                        682    0         48     
                                                             
       Stack:                        0      0         1024   
       Linker Generated:             0      37        0      
    +--+-----------------------------+------+---------+---------+
       Grand Total:                  2236   265       1080   


LINKER GENERATED COPY TABLES

__TI_cinit_table @ 000009c0 records: 1, size/record: 8, table size: 8
	.data: load addr=000009a0, load size=00000015 bytes, run addr=20000000, run size=0000001c bytes, compression=lzss


LINKER GENERATED HANDLER TABLE

__TI_handler_table @ 000009b8 records: 2, size/record: 4, table size: 8
	index: 0, handler: __TI_decompress_lzss
	index: 1, handler: __TI_decompress_none


GLOBAL SYMBOLS: SORTED ALPHABETICALLY BY Name 

address   name                           
-------   ----                           
00000997  ADC14_IRQHandler               
00000997  AES256_IRQHandler              
00000997  BusFault_Handler               
00000885  C$$EXIT                        
00000997  COMP_E0_IRQHandler             
00000997  COMP_E1_IRQHandler             
00000997  CS_IRQHandler                  
00000997  DMA_ERR_IRQHandler             
00000997  DMA_INT0_IRQHandler            
00000997  DMA_INT1_IRQHandler            
00000997  DMA_INT2_IRQHandler            
00000997  DMA_INT3_IRQHandler            
00000997  DebugMon_Handler               
00000997  Default_Handler                
00000997  EUSCIA0_IRQHandler             
00000997  EUSCIA1_IRQHandler             
00000997  EUSCIA2_IRQHandler             
00000997  EUSCIA3_IRQHandler             
00000997  EUSCIB0_IRQHandler             
00000997  EUSCIB1_IRQHandler             
00000997  EUSCIB2_IRQHandler             
00000997  EUSCIB3_IRQHandler             
00000997  FLCTL_IRQHandler               
00000997  FPU_IRQHandler                 
0000043d  GPIO_configure                 
00000997  HardFault_Handler              
00000997  MemManage_Handler              
00000997  NMI_Handler                    
00000997  PCM_IRQHandler                 
00000567  PORT1_IRQHandler               
00000567  PORT1_IRQHandler               
00000997  PORT2_IRQHandler               
00000997  PORT3_IRQHandler               
00000997  PORT4_IRQHandler               
00000997  PORT5_IRQHandler               
00000997  PORT6_IRQHandler               
00000997  PSS_IRQHandler                 
00000997  PendSV_Handler                 
00000997  RTC_C_IRQHandler               
0000098b  Reset_Handler                  
UNDEFED   SHT$$INIT_ARRAY$$Base          
UNDEFED   SHT$$INIT_ARRAY$$Limit         
00000997  SVC_Handler                    
00000997  SysTick_Handler                
20000018  SystemCoreClock                
000000e5  SystemCoreClockUpdate          
00000359  SystemInit                     
00000997  T32_INT1_IRQHandler            
00000997  T32_INT2_IRQHandler            
00000997  T32_INTC_IRQHandler            
00000997  TA0_0_IRQHandler               
00000997  TA0_N_IRQHandler               
00000997  TA1_0_IRQHandler               
00000997  TA1_N_IRQHandler               
00000997  TA2_0_IRQHandler               
00000997  TA2_N_IRQHandler               
00000997  TA3_0_IRQHandler               
00000997  TA3_N_IRQHandler               
00000997  UsageFault_Handler             
4000480c  WDTCTL_SYM                     
00000997  WDT_A_IRQHandler               
20010000  __STACK_END                    
00000200  __STACK_SIZE                   
000009c0  __TI_CINIT_Base                
000009c8  __TI_CINIT_Limit               
000009b8  __TI_Handler_Table_Base        
000009c0  __TI_Handler_Table_Limit       
00000759  __TI_auto_init                 
20000000  __TI_cleanup_ptr               
000007c9  __TI_decompress_lzss           
0000097d  __TI_decompress_none           
20000004  __TI_dtors_ptr                 
20000008  __TI_enable_exit_profile_output
ffffffff  __TI_pprof_out_hndl            
ffffffff  __TI_prof_data_size            
ffffffff  __TI_prof_data_start           
00000000  __TI_static_base__             
000006bd  __aeabi_memcpy                 
000006bd  __aeabi_memcpy4                
000006bd  __aeabi_memcpy8                
ffffffff  __binit__                      
ffffffff  __c_args__                     
0000099d  __mpu_init                     
2000fe00  __stack                        
00000951  _args_main                     
00000831  _c_int00                       
2000000c  _lock                          
00000977  _nop                           
0000096f  _register_lock                 
00000969  _register_unlock               
0000099f  _system_post_cinit             
00000999  _system_pre_init               
20000010  _unlock                        
00000889  abort                          
ffffffff  binit                          
000008d9  copy_in                        
00000891  exit                           
00000000  interruptVectors               
00000925  main                           
20000014  main_func_sp                   
000006bd  memcpy                         
000005bf  testLED1                       
00000625  testRGB                        


GLOBAL SYMBOLS: SORTED BY Symbol Address 

address   name                           
-------   ----                           
00000000  __TI_static_base__             
00000000  interruptVectors               
000000e5  SystemCoreClockUpdate          
00000200  __STACK_SIZE                   
00000359  SystemInit                     
0000043d  GPIO_configure                 
00000567  PORT1_IRQHandler               
00000567  PORT1_IRQHandler               
000005bf  testLED1                       
00000625  testRGB                        
000006bd  __aeabi_memcpy                 
000006bd  __aeabi_memcpy4                
000006bd  __aeabi_memcpy8                
000006bd  memcpy                         
00000759  __TI_auto_init                 
000007c9  __TI_decompress_lzss           
00000831  _c_int00                       
00000885  C$$EXIT                        
00000889  abort                          
00000891  exit                           
000008d9  copy_in                        
00000925  main                           
00000951  _args_main                     
00000969  _register_unlock               
0000096f  _register_lock                 
00000977  _nop                           
0000097d  __TI_decompress_none           
0000098b  Reset_Handler                  
00000997  ADC14_IRQHandler               
00000997  AES256_IRQHandler              
00000997  BusFault_Handler               
00000997  COMP_E0_IRQHandler             
00000997  COMP_E1_IRQHandler             
00000997  CS_IRQHandler                  
00000997  DMA_ERR_IRQHandler             
00000997  DMA_INT0_IRQHandler            
00000997  DMA_INT1_IRQHandler            
00000997  DMA_INT2_IRQHandler            
00000997  DMA_INT3_IRQHandler            
00000997  DebugMon_Handler               
00000997  Default_Handler                
00000997  EUSCIA0_IRQHandler             
00000997  EUSCIA1_IRQHandler             
00000997  EUSCIA2_IRQHandler             
00000997  EUSCIA3_IRQHandler             
00000997  EUSCIB0_IRQHandler             
00000997  EUSCIB1_IRQHandler             
00000997  EUSCIB2_IRQHandler             
00000997  EUSCIB3_IRQHandler             
00000997  FLCTL_IRQHandler               
00000997  FPU_IRQHandler                 
00000997  HardFault_Handler              
00000997  MemManage_Handler              
00000997  NMI_Handler                    
00000997  PCM_IRQHandler                 
00000997  PORT2_IRQHandler               
00000997  PORT3_IRQHandler               
00000997  PORT4_IRQHandler               
00000997  PORT5_IRQHandler               
00000997  PORT6_IRQHandler               
00000997  PSS_IRQHandler                 
00000997  PendSV_Handler                 
00000997  RTC_C_IRQHandler               
00000997  SVC_Handler                    
00000997  SysTick_Handler                
00000997  T32_INT1_IRQHandler            
00000997  T32_INT2_IRQHandler            
00000997  T32_INTC_IRQHandler            
00000997  TA0_0_IRQHandler               
00000997  TA0_N_IRQHandler               
00000997  TA1_0_IRQHandler               
00000997  TA1_N_IRQHandler               
00000997  TA2_0_IRQHandler               
00000997  TA2_N_IRQHandler               
00000997  TA3_0_IRQHandler               
00000997  TA3_N_IRQHandler               
00000997  UsageFault_Handler             
00000997  WDT_A_IRQHandler               
00000999  _system_pre_init               
0000099d  __mpu_init                     
0000099f  _system_post_cinit             
000009b8  __TI_Handler_Table_Base        
000009c0  __TI_CINIT_Base                
000009c0  __TI_Handler_Table_Limit       
000009c8  __TI_CINIT_Limit               
20000000  __TI_cleanup_ptr               
20000004  __TI_dtors_ptr                 
20000008  __TI_enable_exit_profile_output
2000000c  _lock                          
20000010  _unlock                        
20000014  main_func_sp                   
20000018  SystemCoreClock                
2000fe00  __stack                        
20010000  __STACK_END                    
4000480c  WDTCTL_SYM                     
ffffffff  __TI_pprof_out_hndl            
ffffffff  __TI_prof_data_size            
ffffffff  __TI_prof_data_start           
ffffffff  __binit__                      
ffffffff  __c_args__                     
ffffffff  binit                          
UNDEFED   SHT$$INIT_ARRAY$$Base          
UNDEFED   SHT$$INIT_ARRAY$$Limit         

[103 symbols]
