******************************************************************************
                  TI ARM Linker Unix v16.9.3                   
******************************************************************************
>> Linked Wed Sep 20 05:54:57 2017

OUTPUT FILE NAME:   <lab2.out>
ENTRY POINT SYMBOL: "_c_int00"  address: 00000b15


MEMORY CONFIGURATION

         name            origin    length      used     unused   attr    fill
----------------------  --------  ---------  --------  --------  ----  --------
  MAIN                  00000000   00040000  00000ca0  0003f360  R  X
  INFO                  00200000   00004000  00000000  00004000  R  X
  SRAM_CODE             01000000   00010000  00000228  0000fdd8  RW X
  SRAM_DATA             20000000   00010000  00000228  0000fdd8  RW  


SEGMENT ALLOCATION MAP

run origin  load origin   length   init length attrs members
----------  ----------- ---------- ----------- ----- -------
00000000    00000000    00000ca4   00000ca4    r-x
  00000000    00000000    000000e4   000000e4    r-- .intvecs
  000000e4    000000e4    00000b90   00000b90    r-x .text
  00000c78    00000c78    0000002c   0000002c    r-- .cinit
20000000    20000000    00000028   00000000    rw-
  20000000    20000000    00000028   00000000    rw- .data
2000fe00    2000fe00    00000200   00000000    rw-
  2000fe00    2000fe00    00000200   00000000    rw- .stack


SECTION ALLOCATION MAP

 output                                  attributes/
section   page    origin      length       input sections
--------  ----  ----------  ----------   ----------------
.intvecs   0    00000000    000000e4     
                  00000000    000000e4     startup_msp432p401r_ccs.obj (.intvecs:retain)

.text      0    000000e4    00000b90     
                  000000e4    00000464     port.obj (.text)
                  00000548    0000032c     system_msp432p401r.obj (.text)
                  00000874    0000012c     timer.obj (.text)
                  000009a0    0000009c     rtsv7M4_T_le_v4SPD16_eabi.lib : memcpy_t2.obj (.text)
                  00000a3c    00000070                                   : autoinit.obj (.text)
                  00000aac    00000068                                   : copy_decompress_lzss.obj (.text:decompress:lzss)
                  00000b14    00000054                                   : boot.obj (.text)
                  00000b68    00000054                                   : exit.obj (.text)
                  00000bbc    0000004c                                   : cpy_tbl.obj (.text)
                  00000c08    0000001c     main.obj (.text)
                  00000c24    00000018     rtsv7M4_T_le_v4SPD16_eabi.lib : args_main.obj (.text)
                  00000c3c    00000014                                   : _lock.obj (.text)
                  00000c50    0000000e                                   : copy_decompress_none.obj (.text:decompress:none)
                  00000c5e    0000000e     startup_msp432p401r_ccs.obj (.text)
                  00000c6c    00000004     rtsv7M4_T_le_v4SPD16_eabi.lib : pre_init.obj (.text)
                  00000c70    00000002                                   : mpu_init.obj (.text)
                  00000c72    00000002                                   : startup.obj (.text)

.cinit     0    00000c78    0000002c     
                  00000c78    0000001c     (.cinit..data.load) [load image, compression = lzss]
                  00000c94    00000008     (__TI_handler_table)
                  00000c9c    00000008     (__TI_cinit_table)

.init_array 
*          0    00000000    00000000     UNINITIALIZED

.binit     0    00000000    00000000     

.data      0    20000000    00000028     UNINITIALIZED
                  20000000    0000000c     rtsv7M4_T_le_v4SPD16_eabi.lib : exit.obj (.data:$O1$$)
                  2000000c    0000000c     main.obj (.data)
                  20000018    00000008     rtsv7M4_T_le_v4SPD16_eabi.lib : _lock.obj (.data:$O1$$)
                  20000020    00000004                                   : stkdepth_vars.obj (.data)
                  20000024    00000004     system_msp432p401r.obj (.data)

.stack     0    2000fe00    00000200     UNINITIALIZED
                  2000fe00    00000200     --HOLE--

MODULE SUMMARY

       Module                        code   ro data   rw data
       ------                        ----   -------   -------
    ./
       port.obj                      1124   0         0      
       system_msp432p401r.obj        812    0         8      
       timer.obj                     300    0         0      
       startup_msp432p401r_ccs.obj   14     228       0      
       main.obj                      28     0         24     
    +--+-----------------------------+------+---------+---------+
       Total:                        2278   228       32     
                                                             
    /home/kk/ti/ccsv7/tools/compiler/ti-cgt-arm_16.9.3.LTS/lib/rtsv7M4_T_le_v4SPD16_eabi.lib
       memcpy_t2.obj                 156    0         0      
       autoinit.obj                  112    0         0      
       exit.obj                      84     0         24     
       copy_decompress_lzss.obj      104    0         0      
       boot.obj                      84     0         0      
       cpy_tbl.obj                   76     0         0      
       _lock.obj                     20     0         16     
       args_main.obj                 24     0         0      
       copy_decompress_none.obj      14     0         0      
       stkdepth_vars.obj             0      0         8      
       pre_init.obj                  4      0         0      
       mpu_init.obj                  2      0         0      
       startup.obj                   2      0         0      
    +--+-----------------------------+------+---------+---------+
       Total:                        682    0         48     
                                                             
       Stack:                        0      0         1024   
       Linker Generated:             0      44        0      
    +--+-----------------------------+------+---------+---------+
       Grand Total:                  2960   272       1104   


LINKER GENERATED COPY TABLES

__TI_cinit_table @ 00000c9c records: 1, size/record: 8, table size: 8
	.data: load addr=00000c78, load size=0000001c bytes, run addr=20000000, run size=00000028 bytes, compression=lzss


LINKER GENERATED HANDLER TABLE

__TI_handler_table @ 00000c94 records: 2, size/record: 4, table size: 8
	index: 0, handler: __TI_decompress_lzss
	index: 1, handler: __TI_decompress_none


GLOBAL SYMBOLS: SORTED ALPHABETICALLY BY Name 

address   name                           
-------   ----                           
00000c6b  ADC14_IRQHandler               
00000c6b  AES256_IRQHandler              
00000c6b  BusFault_Handler               
00000b69  C$$EXIT                        
00000c6b  COMP_E0_IRQHandler             
00000c6b  COMP_E1_IRQHandler             
00000c6b  CS_IRQHandler                  
00000c6b  DMA_ERR_IRQHandler             
00000c6b  DMA_INT0_IRQHandler            
00000c6b  DMA_INT1_IRQHandler            
00000c6b  DMA_INT2_IRQHandler            
00000c6b  DMA_INT3_IRQHandler            
00000c6b  DebugMon_Handler               
00000c6b  Default_Handler                
00000c6b  EUSCIA0_IRQHandler             
00000c6b  EUSCIA1_IRQHandler             
00000c6b  EUSCIA2_IRQHandler             
00000c6b  EUSCIA3_IRQHandler             
00000c6b  EUSCIB0_IRQHandler             
00000c6b  EUSCIB1_IRQHandler             
00000c6b  EUSCIB2_IRQHandler             
00000c6b  EUSCIB3_IRQHandler             
00000c6b  FLCTL_IRQHandler               
00000c6b  FPU_IRQHandler                 
00000111  GPIO_configure                 
00000c6b  HardFault_Handler              
00000c6b  MemManage_Handler              
00000c6b  NMI_Handler                    
00000c6b  PCM_IRQHandler                 
00000215  PORT1_IRQHandler               
00000215  PORT1_IRQHandler               
000004cd  PORT2_IRQHandler               
000004cd  PORT2_IRQHandler               
00000c6b  PORT3_IRQHandler               
00000c6b  PORT4_IRQHandler               
00000c6b  PORT5_IRQHandler               
00000c6b  PORT6_IRQHandler               
00000c6b  PSS_IRQHandler                 
00000c6b  PendSV_Handler                 
00000c6b  RTC_C_IRQHandler               
00000c5f  Reset_Handler                  
UNDEFED   SHT$$INIT_ARRAY$$Base          
UNDEFED   SHT$$INIT_ARRAY$$Limit         
00000c6b  SVC_Handler                    
00000c6b  SysTick_Handler                
20000024  SystemCoreClock                
00000549  SystemCoreClockUpdate          
000007bd  SystemInit                     
00000c6b  T32_INT1_IRQHandler            
00000c6b  T32_INT2_IRQHandler            
00000c6b  T32_INTC_IRQHandler            
00000917  TA0_0_IRQHandler               
00000917  TA0_0_IRQHandler               
0000093f  TA0_N_IRQHandler               
0000093f  TA0_N_IRQHandler               
00000c6b  TA1_0_IRQHandler               
00000c6b  TA1_N_IRQHandler               
00000c6b  TA2_0_IRQHandler               
00000c6b  TA2_N_IRQHandler               
00000c6b  TA3_0_IRQHandler               
00000c6b  TA3_N_IRQHandler               
00000c6b  UsageFault_Handler             
4000480c  WDTCTL_SYM                     
00000c6b  WDT_A_IRQHandler               
20010000  __STACK_END                    
00000200  __STACK_SIZE                   
00000c9c  __TI_CINIT_Base                
00000ca4  __TI_CINIT_Limit               
00000c94  __TI_Handler_Table_Base        
00000c9c  __TI_Handler_Table_Limit       
00000a3d  __TI_auto_init                 
20000000  __TI_cleanup_ptr               
00000aad  __TI_decompress_lzss           
00000c51  __TI_decompress_none           
20000004  __TI_dtors_ptr                 
20000008  __TI_enable_exit_profile_output
ffffffff  __TI_pprof_out_hndl            
ffffffff  __TI_prof_data_size            
ffffffff  __TI_prof_data_start           
00000000  __TI_static_base__             
000009a1  __aeabi_memcpy                 
000009a1  __aeabi_memcpy4                
000009a1  __aeabi_memcpy8                
ffffffff  __binit__                      
ffffffff  __c_args__                     
00000c71  __mpu_init                     
2000fe00  __stack                        
00000c25  _args_main                     
00000b15  _c_int00                       
20000018  _lock                          
00000c4b  _nop                           
00000c43  _register_lock                 
00000c3d  _register_unlock               
00000c73  _system_post_cinit             
00000c6d  _system_pre_init               
2000001c  _unlock                        
00000b6d  abort                          
ffffffff  binit                          
00000bbd  copy_in                        
2000000c  count                          
20000010  currentVal                     
20000014  currentVal2                    
00000459  encoderInterruptConfig         
00000b75  exit                           
00000000  interruptVectors               
00000331  latencyTestP1                  
00000365  latencyTestP4                  
00000c09  main                           
20000020  main_func_sp                   
000009a1  memcpy                         
000003b7  rgbConfig                      
000003e1  rgbCycle                       
0000026b  testLED1                       
000002d1  testRGB                        
000008a1  timer_a0_config                
000008df  timer_a0_configTimer1          


GLOBAL SYMBOLS: SORTED BY Symbol Address 

address   name                           
-------   ----                           
00000000  __TI_static_base__             
00000000  interruptVectors               
00000111  GPIO_configure                 
00000200  __STACK_SIZE                   
00000215  PORT1_IRQHandler               
00000215  PORT1_IRQHandler               
0000026b  testLED1                       
000002d1  testRGB                        
00000331  latencyTestP1                  
00000365  latencyTestP4                  
000003b7  rgbConfig                      
000003e1  rgbCycle                       
00000459  encoderInterruptConfig         
000004cd  PORT2_IRQHandler               
000004cd  PORT2_IRQHandler               
00000549  SystemCoreClockUpdate          
000007bd  SystemInit                     
000008a1  timer_a0_config                
000008df  timer_a0_configTimer1          
00000917  TA0_0_IRQHandler               
00000917  TA0_0_IRQHandler               
0000093f  TA0_N_IRQHandler               
0000093f  TA0_N_IRQHandler               
000009a1  __aeabi_memcpy                 
000009a1  __aeabi_memcpy4                
000009a1  __aeabi_memcpy8                
000009a1  memcpy                         
00000a3d  __TI_auto_init                 
00000aad  __TI_decompress_lzss           
00000b15  _c_int00                       
00000b69  C$$EXIT                        
00000b6d  abort                          
00000b75  exit                           
00000bbd  copy_in                        
00000c09  main                           
00000c25  _args_main                     
00000c3d  _register_unlock               
00000c43  _register_lock                 
00000c4b  _nop                           
00000c51  __TI_decompress_none           
00000c5f  Reset_Handler                  
00000c6b  ADC14_IRQHandler               
00000c6b  AES256_IRQHandler              
00000c6b  BusFault_Handler               
00000c6b  COMP_E0_IRQHandler             
00000c6b  COMP_E1_IRQHandler             
00000c6b  CS_IRQHandler                  
00000c6b  DMA_ERR_IRQHandler             
00000c6b  DMA_INT0_IRQHandler            
00000c6b  DMA_INT1_IRQHandler            
00000c6b  DMA_INT2_IRQHandler            
00000c6b  DMA_INT3_IRQHandler            
00000c6b  DebugMon_Handler               
00000c6b  Default_Handler                
00000c6b  EUSCIA0_IRQHandler             
00000c6b  EUSCIA1_IRQHandler             
00000c6b  EUSCIA2_IRQHandler             
00000c6b  EUSCIA3_IRQHandler             
00000c6b  EUSCIB0_IRQHandler             
00000c6b  EUSCIB1_IRQHandler             
00000c6b  EUSCIB2_IRQHandler             
00000c6b  EUSCIB3_IRQHandler             
00000c6b  FLCTL_IRQHandler               
00000c6b  FPU_IRQHandler                 
00000c6b  HardFault_Handler              
00000c6b  MemManage_Handler              
00000c6b  NMI_Handler                    
00000c6b  PCM_IRQHandler                 
00000c6b  PORT3_IRQHandler               
00000c6b  PORT4_IRQHandler               
00000c6b  PORT5_IRQHandler               
00000c6b  PORT6_IRQHandler               
00000c6b  PSS_IRQHandler                 
00000c6b  PendSV_Handler                 
00000c6b  RTC_C_IRQHandler               
00000c6b  SVC_Handler                    
00000c6b  SysTick_Handler                
00000c6b  T32_INT1_IRQHandler            
00000c6b  T32_INT2_IRQHandler            
00000c6b  T32_INTC_IRQHandler            
00000c6b  TA1_0_IRQHandler               
00000c6b  TA1_N_IRQHandler               
00000c6b  TA2_0_IRQHandler               
00000c6b  TA2_N_IRQHandler               
00000c6b  TA3_0_IRQHandler               
00000c6b  TA3_N_IRQHandler               
00000c6b  UsageFault_Handler             
00000c6b  WDT_A_IRQHandler               
00000c6d  _system_pre_init               
00000c71  __mpu_init                     
00000c73  _system_post_cinit             
00000c94  __TI_Handler_Table_Base        
00000c9c  __TI_CINIT_Base                
00000c9c  __TI_Handler_Table_Limit       
00000ca4  __TI_CINIT_Limit               
20000000  __TI_cleanup_ptr               
20000004  __TI_dtors_ptr                 
20000008  __TI_enable_exit_profile_output
2000000c  count                          
20000010  currentVal                     
20000014  currentVal2                    
20000018  _lock                          
2000001c  _unlock                        
20000020  main_func_sp                   
20000024  SystemCoreClock                
2000fe00  __stack                        
20010000  __STACK_END                    
4000480c  WDTCTL_SYM                     
ffffffff  __TI_pprof_out_hndl            
ffffffff  __TI_prof_data_size            
ffffffff  __TI_prof_data_start           
ffffffff  __binit__                      
ffffffff  __c_args__                     
ffffffff  binit                          
UNDEFED   SHT$$INIT_ARRAY$$Base          
UNDEFED   SHT$$INIT_ARRAY$$Limit         

[116 symbols]
