******************************************************************************
                  TI ARM Linker Unix v16.9.3                   
******************************************************************************
>> Linked Thu Sep 14 15:26:18 2017

OUTPUT FILE NAME:   <lab2.out>
ENTRY POINT SYMBOL: "_c_int00"  address: 000008d9


MEMORY CONFIGURATION

         name            origin    length      used     unused   attr    fill
----------------------  --------  ---------  --------  --------  ----  --------
  MAIN                  00000000   00040000  00000a74  0003f58c  R  X
  INFO                  00200000   00004000  00000000  00004000  R  X
  SRAM_CODE             01000000   00010000  0000021c  0000fde4  RW X
  SRAM_DATA             20000000   00010000  0000021c  0000fde4  RW  


SEGMENT ALLOCATION MAP

run origin  load origin   length   init length attrs members
----------  ----------- ---------- ----------- ----- -------
00000000    00000000    00000a78   00000a78    r-x
  00000000    00000000    000000e4   000000e4    r-- .intvecs
  000000e4    000000e4    00000968   00000968    r-x .text
  00000a50    00000a50    00000028   00000028    r-- .cinit
20000000    20000000    0000001c   00000000    rw-
  20000000    20000000    0000001c   00000000    rw- .data
2000fe00    2000fe00    00000200   00000000    rw-
  2000fe00    2000fe00    00000200   00000000    rw- .stack


SECTION ALLOCATION MAP

 output                                  attributes/
section   page    origin      length       input sections
--------  ----  ----------  ----------   ----------------
.intvecs   0    00000000    000000e4     
                  00000000    000000e4     startup_msp432p401r_ccs.obj (.intvecs:retain)

.text      0    000000e4    00000968     
                  000000e4    0000032c     system_msp432p401r.obj (.text)
                  00000410    000002ac     port.obj (.text)
                  000006bc    000000a8     timer.obj (.text)
                  00000764    0000009c     rtsv7M4_T_le_v4SPD16_eabi.lib : memcpy_t2.obj (.text)
                  00000800    00000070                                   : autoinit.obj (.text)
                  00000870    00000068                                   : copy_decompress_lzss.obj (.text:decompress:lzss)
                  000008d8    00000054                                   : boot.obj (.text)
                  0000092c    00000054                                   : exit.obj (.text)
                  00000980    0000004c                                   : cpy_tbl.obj (.text)
                  000009cc    00000030     main.obj (.text)
                  000009fc    00000018     rtsv7M4_T_le_v4SPD16_eabi.lib : args_main.obj (.text)
                  00000a14    00000014                                   : _lock.obj (.text)
                  00000a28    0000000e                                   : copy_decompress_none.obj (.text:decompress:none)
                  00000a36    0000000e     startup_msp432p401r_ccs.obj (.text)
                  00000a44    00000004     rtsv7M4_T_le_v4SPD16_eabi.lib : pre_init.obj (.text)
                  00000a48    00000002                                   : mpu_init.obj (.text)
                  00000a4a    00000002                                   : startup.obj (.text)

.cinit     0    00000a50    00000028     
                  00000a50    00000015     (.cinit..data.load) [load image, compression = lzss]
                  00000a65    00000003     --HOLE-- [fill = 0]
                  00000a68    00000008     (__TI_handler_table)
                  00000a70    00000008     (__TI_cinit_table)

.init_array 
*          0    00000000    00000000     UNINITIALIZED

.binit     0    00000000    00000000     

.data      0    20000000    0000001c     UNINITIALIZED
                  20000000    0000000c     rtsv7M4_T_le_v4SPD16_eabi.lib : exit.obj (.data:$O1$$)
                  2000000c    00000008                                   : _lock.obj (.data:$O1$$)
                  20000014    00000004                                   : stkdepth_vars.obj (.data)
                  20000018    00000004     system_msp432p401r.obj (.data)

.stack     0    2000fe00    00000200     UNINITIALIZED
                  2000fe00    00000200     --HOLE--

MODULE SUMMARY

       Module                        code   ro data   rw data
       ------                        ----   -------   -------
    ./
       system_msp432p401r.obj        812    0         8      
       port.obj                      684    0         0      
       startup_msp432p401r_ccs.obj   14     228       0      
       timer.obj                     168    0         0      
       main.obj                      48     0         0      
    +--+-----------------------------+------+---------+---------+
       Total:                        1726   228       8      
                                                             
    /home/kk/ti/ccsv7/tools/compiler/ti-cgt-arm_16.9.3.LTS/lib/rtsv7M4_T_le_v4SPD16_eabi.lib
       memcpy_t2.obj                 156    0         0      
       autoinit.obj                  112    0         0      
       exit.obj                      84     0         24     
       copy_decompress_lzss.obj      104    0         0      
       boot.obj                      84     0         0      
       cpy_tbl.obj                   76     0         0      
       _lock.obj                     20     0         16     
       args_main.obj                 24     0         0      
       copy_decompress_none.obj      14     0         0      
       stkdepth_vars.obj             0      0         8      
       pre_init.obj                  4      0         0      
       mpu_init.obj                  2      0         0      
       startup.obj                   2      0         0      
    +--+-----------------------------+------+---------+---------+
       Total:                        682    0         48     
                                                             
       Stack:                        0      0         1024   
       Linker Generated:             0      37        0      
    +--+-----------------------------+------+---------+---------+
       Grand Total:                  2408   265       1080   


LINKER GENERATED COPY TABLES

__TI_cinit_table @ 00000a70 records: 1, size/record: 8, table size: 8
	.data: load addr=00000a50, load size=00000015 bytes, run addr=20000000, run size=0000001c bytes, compression=lzss


LINKER GENERATED HANDLER TABLE

__TI_handler_table @ 00000a68 records: 2, size/record: 4, table size: 8
	index: 0, handler: __TI_decompress_lzss
	index: 1, handler: __TI_decompress_none


GLOBAL SYMBOLS: SORTED ALPHABETICALLY BY Name 

address   name                           
-------   ----                           
00000a43  ADC14_IRQHandler               
00000a43  AES256_IRQHandler              
00000a43  BusFault_Handler               
0000092d  C$$EXIT                        
00000a43  COMP_E0_IRQHandler             
00000a43  COMP_E1_IRQHandler             
00000a43  CS_IRQHandler                  
00000a43  DMA_ERR_IRQHandler             
00000a43  DMA_INT0_IRQHandler            
00000a43  DMA_INT1_IRQHandler            
00000a43  DMA_INT2_IRQHandler            
00000a43  DMA_INT3_IRQHandler            
00000a43  DebugMon_Handler               
00000a43  Default_Handler                
00000a43  EUSCIA0_IRQHandler             
00000a43  EUSCIA1_IRQHandler             
00000a43  EUSCIA2_IRQHandler             
00000a43  EUSCIA3_IRQHandler             
00000a43  EUSCIB0_IRQHandler             
00000a43  EUSCIB1_IRQHandler             
00000a43  EUSCIB2_IRQHandler             
00000a43  EUSCIB3_IRQHandler             
00000a43  FLCTL_IRQHandler               
00000a43  FPU_IRQHandler                 
0000043d  GPIO_configure                 
00000a43  HardFault_Handler              
00000a43  MemManage_Handler              
00000a43  NMI_Handler                    
00000a43  PCM_IRQHandler                 
00000567  PORT1_IRQHandler               
00000567  PORT1_IRQHandler               
00000a43  PORT2_IRQHandler               
00000a43  PORT3_IRQHandler               
00000a43  PORT4_IRQHandler               
00000a43  PORT5_IRQHandler               
00000a43  PORT6_IRQHandler               
00000a43  PSS_IRQHandler                 
00000a43  PendSV_Handler                 
00000a43  RTC_C_IRQHandler               
00000a37  Reset_Handler                  
UNDEFED   SHT$$INIT_ARRAY$$Base          
UNDEFED   SHT$$INIT_ARRAY$$Limit         
00000a43  SVC_Handler                    
00000a43  SysTick_Handler                
20000018  SystemCoreClock                
000000e5  SystemCoreClockUpdate          
00000359  SystemInit                     
00000a43  T32_INT1_IRQHandler            
00000a43  T32_INT2_IRQHandler            
00000a43  T32_INTC_IRQHandler            
0000072d  TA0_0_IRQHandler               
0000072d  TA0_0_IRQHandler               
00000a43  TA0_N_IRQHandler               
00000a43  TA1_0_IRQHandler               
00000a43  TA1_N_IRQHandler               
00000a43  TA2_0_IRQHandler               
00000a43  TA2_N_IRQHandler               
00000a43  TA3_0_IRQHandler               
00000a43  TA3_N_IRQHandler               
00000a43  UsageFault_Handler             
4000480c  WDTCTL_SYM                     
00000a43  WDT_A_IRQHandler               
20010000  __STACK_END                    
00000200  __STACK_SIZE                   
00000a70  __TI_CINIT_Base                
00000a78  __TI_CINIT_Limit               
00000a68  __TI_Handler_Table_Base        
00000a70  __TI_Handler_Table_Limit       
00000801  __TI_auto_init                 
20000000  __TI_cleanup_ptr               
00000871  __TI_decompress_lzss           
00000a29  __TI_decompress_none           
20000004  __TI_dtors_ptr                 
20000008  __TI_enable_exit_profile_output
ffffffff  __TI_pprof_out_hndl            
ffffffff  __TI_prof_data_size            
ffffffff  __TI_prof_data_start           
00000000  __TI_static_base__             
00000765  __aeabi_memcpy                 
00000765  __aeabi_memcpy4                
00000765  __aeabi_memcpy8                
ffffffff  __binit__                      
ffffffff  __c_args__                     
00000a49  __mpu_init                     
2000fe00  __stack                        
000009fd  _args_main                     
000008d9  _c_int00                       
2000000c  _lock                          
00000a23  _nop                           
00000a1b  _register_lock                 
00000a15  _register_unlock               
00000a4b  _system_post_cinit             
00000a45  _system_pre_init               
20000010  _unlock                        
00000931  abort                          
ffffffff  binit                          
00000981  copy_in                        
00000939  exit                           
00000000  interruptVectors               
000009cd  main                           
20000014  main_func_sp                   
00000765  memcpy                         
000005bf  testLED1                       
00000625  testRGB                        
000006e9  timer_a0_config                


GLOBAL SYMBOLS: SORTED BY Symbol Address 

address   name                           
-------   ----                           
00000000  __TI_static_base__             
00000000  interruptVectors               
000000e5  SystemCoreClockUpdate          
00000200  __STACK_SIZE                   
00000359  SystemInit                     
0000043d  GPIO_configure                 
00000567  PORT1_IRQHandler               
00000567  PORT1_IRQHandler               
000005bf  testLED1                       
00000625  testRGB                        
000006e9  timer_a0_config                
0000072d  TA0_0_IRQHandler               
0000072d  TA0_0_IRQHandler               
00000765  __aeabi_memcpy                 
00000765  __aeabi_memcpy4                
00000765  __aeabi_memcpy8                
00000765  memcpy                         
00000801  __TI_auto_init                 
00000871  __TI_decompress_lzss           
000008d9  _c_int00                       
0000092d  C$$EXIT                        
00000931  abort                          
00000939  exit                           
00000981  copy_in                        
000009cd  main                           
000009fd  _args_main                     
00000a15  _register_unlock               
00000a1b  _register_lock                 
00000a23  _nop                           
00000a29  __TI_decompress_none           
00000a37  Reset_Handler                  
00000a43  ADC14_IRQHandler               
00000a43  AES256_IRQHandler              
00000a43  BusFault_Handler               
00000a43  COMP_E0_IRQHandler             
00000a43  COMP_E1_IRQHandler             
00000a43  CS_IRQHandler                  
00000a43  DMA_ERR_IRQHandler             
00000a43  DMA_INT0_IRQHandler            
00000a43  DMA_INT1_IRQHandler            
00000a43  DMA_INT2_IRQHandler            
00000a43  DMA_INT3_IRQHandler            
00000a43  DebugMon_Handler               
00000a43  Default_Handler                
00000a43  EUSCIA0_IRQHandler             
00000a43  EUSCIA1_IRQHandler             
00000a43  EUSCIA2_IRQHandler             
00000a43  EUSCIA3_IRQHandler             
00000a43  EUSCIB0_IRQHandler             
00000a43  EUSCIB1_IRQHandler             
00000a43  EUSCIB2_IRQHandler             
00000a43  EUSCIB3_IRQHandler             
00000a43  FLCTL_IRQHandler               
00000a43  FPU_IRQHandler                 
00000a43  HardFault_Handler              
00000a43  MemManage_Handler              
00000a43  NMI_Handler                    
00000a43  PCM_IRQHandler                 
00000a43  PORT2_IRQHandler               
00000a43  PORT3_IRQHandler               
00000a43  PORT4_IRQHandler               
00000a43  PORT5_IRQHandler               
00000a43  PORT6_IRQHandler               
00000a43  PSS_IRQHandler                 
00000a43  PendSV_Handler                 
00000a43  RTC_C_IRQHandler               
00000a43  SVC_Handler                    
00000a43  SysTick_Handler                
00000a43  T32_INT1_IRQHandler            
00000a43  T32_INT2_IRQHandler            
00000a43  T32_INTC_IRQHandler            
00000a43  TA0_N_IRQHandler               
00000a43  TA1_0_IRQHandler               
00000a43  TA1_N_IRQHandler               
00000a43  TA2_0_IRQHandler               
00000a43  TA2_N_IRQHandler               
00000a43  TA3_0_IRQHandler               
00000a43  TA3_N_IRQHandler               
00000a43  UsageFault_Handler             
00000a43  WDT_A_IRQHandler               
00000a45  _system_pre_init               
00000a49  __mpu_init                     
00000a4b  _system_post_cinit             
00000a68  __TI_Handler_Table_Base        
00000a70  __TI_CINIT_Base                
00000a70  __TI_Handler_Table_Limit       
00000a78  __TI_CINIT_Limit               
20000000  __TI_cleanup_ptr               
20000004  __TI_dtors_ptr                 
20000008  __TI_enable_exit_profile_output
2000000c  _lock                          
20000010  _unlock                        
20000014  main_func_sp                   
20000018  SystemCoreClock                
2000fe00  __stack                        
20010000  __STACK_END                    
4000480c  WDTCTL_SYM                     
ffffffff  __TI_pprof_out_hndl            
ffffffff  __TI_prof_data_size            
ffffffff  __TI_prof_data_start           
ffffffff  __binit__                      
ffffffff  __c_args__                     
ffffffff  binit                          
UNDEFED   SHT$$INIT_ARRAY$$Base          
UNDEFED   SHT$$INIT_ARRAY$$Limit         

[105 symbols]
