******************************************************************************
                  TI ARM Linker Unix v16.9.3                   
******************************************************************************
>> Linked Wed Sep 20 04:15:49 2017

OUTPUT FILE NAME:   <lab2.out>
ENTRY POINT SYMBOL: "_c_int00"  address: 00000c09


MEMORY CONFIGURATION

         name            origin    length      used     unused   attr    fill
----------------------  --------  ---------  --------  --------  ----  --------
  MAIN                  00000000   00040000  00000d78  0003f288  R  X
  INFO                  00200000   00004000  00000000  00004000  R  X
  SRAM_CODE             01000000   00010000  00000228  0000fdd8  RW X
  SRAM_DATA             20000000   00010000  00000228  0000fdd8  RW  


SEGMENT ALLOCATION MAP

run origin  load origin   length   init length attrs members
----------  ----------- ---------- ----------- ----- -------
00000000    00000000    00000d7c   00000d7c    r-x
  00000000    00000000    000000e4   000000e4    r-- .intvecs
  000000e4    000000e4    00000c68   00000c68    r-x .text
  00000d50    00000d50    0000002c   0000002c    r-- .cinit
20000000    20000000    00000028   00000000    rw-
  20000000    20000000    00000028   00000000    rw- .data
2000fe00    2000fe00    00000200   00000000    rw-
  2000fe00    2000fe00    00000200   00000000    rw- .stack


SECTION ALLOCATION MAP

 output                                  attributes/
section   page    origin      length       input sections
--------  ----  ----------  ----------   ----------------
.intvecs   0    00000000    000000e4     
                  00000000    000000e4     startup_msp432p401r_ccs.obj (.intvecs:retain)

.text      0    000000e4    00000c68     
                  000000e4    00000434     port.obj (.text)
                  00000518    0000032c     system_msp432p401r.obj (.text)
                  00000844    0000012c     timer.obj (.text)
                  00000970    00000124     main.obj (.text)
                  00000a94    0000009c     rtsv7M4_T_le_v4SPD16_eabi.lib : memcpy_t2.obj (.text)
                  00000b30    00000070                                   : autoinit.obj (.text)
                  00000ba0    00000068                                   : copy_decompress_lzss.obj (.text:decompress:lzss)
                  00000c08    00000054                                   : boot.obj (.text)
                  00000c5c    00000054                                   : exit.obj (.text)
                  00000cb0    0000004c                                   : cpy_tbl.obj (.text)
                  00000cfc    00000018                                   : args_main.obj (.text)
                  00000d14    00000014                                   : _lock.obj (.text)
                  00000d28    0000000e                                   : copy_decompress_none.obj (.text:decompress:none)
                  00000d36    0000000e     startup_msp432p401r_ccs.obj (.text)
                  00000d44    00000004     rtsv7M4_T_le_v4SPD16_eabi.lib : pre_init.obj (.text)
                  00000d48    00000002                                   : mpu_init.obj (.text)
                  00000d4a    00000002                                   : startup.obj (.text)

.cinit     0    00000d50    0000002c     
                  00000d50    0000001c     (.cinit..data.load) [load image, compression = lzss]
                  00000d6c    00000008     (__TI_handler_table)
                  00000d74    00000008     (__TI_cinit_table)

.init_array 
*          0    00000000    00000000     UNINITIALIZED

.binit     0    00000000    00000000     

.data      0    20000000    00000028     UNINITIALIZED
                  20000000    0000000c     rtsv7M4_T_le_v4SPD16_eabi.lib : exit.obj (.data:$O1$$)
                  2000000c    0000000c     main.obj (.data)
                  20000018    00000008     rtsv7M4_T_le_v4SPD16_eabi.lib : _lock.obj (.data:$O1$$)
                  20000020    00000004                                   : stkdepth_vars.obj (.data)
                  20000024    00000004     system_msp432p401r.obj (.data)

.stack     0    2000fe00    00000200     UNINITIALIZED
                  2000fe00    00000200     --HOLE--

MODULE SUMMARY

       Module                        code   ro data   rw data
       ------                        ----   -------   -------
    ./
       port.obj                      1076   0         0      
       system_msp432p401r.obj        812    0         8      
       main.obj                      292    0         24     
       timer.obj                     300    0         0      
       startup_msp432p401r_ccs.obj   14     228       0      
    +--+-----------------------------+------+---------+---------+
       Total:                        2494   228       32     
                                                             
    /home/kk/ti/ccsv7/tools/compiler/ti-cgt-arm_16.9.3.LTS/lib/rtsv7M4_T_le_v4SPD16_eabi.lib
       memcpy_t2.obj                 156    0         0      
       autoinit.obj                  112    0         0      
       exit.obj                      84     0         24     
       copy_decompress_lzss.obj      104    0         0      
       boot.obj                      84     0         0      
       cpy_tbl.obj                   76     0         0      
       _lock.obj                     20     0         16     
       args_main.obj                 24     0         0      
       copy_decompress_none.obj      14     0         0      
       stkdepth_vars.obj             0      0         8      
       pre_init.obj                  4      0         0      
       mpu_init.obj                  2      0         0      
       startup.obj                   2      0         0      
    +--+-----------------------------+------+---------+---------+
       Total:                        682    0         48     
                                                             
       Stack:                        0      0         1024   
       Linker Generated:             0      44        0      
    +--+-----------------------------+------+---------+---------+
       Grand Total:                  3176   272       1104   


LINKER GENERATED COPY TABLES

__TI_cinit_table @ 00000d74 records: 1, size/record: 8, table size: 8
	.data: load addr=00000d50, load size=0000001c bytes, run addr=20000000, run size=00000028 bytes, compression=lzss


LINKER GENERATED HANDLER TABLE

__TI_handler_table @ 00000d6c records: 2, size/record: 4, table size: 8
	index: 0, handler: __TI_decompress_lzss
	index: 1, handler: __TI_decompress_none


GLOBAL SYMBOLS: SORTED ALPHABETICALLY BY Name 

address   name                           
-------   ----                           
00000d43  ADC14_IRQHandler               
00000d43  AES256_IRQHandler              
00000d43  BusFault_Handler               
00000c5d  C$$EXIT                        
00000d43  COMP_E0_IRQHandler             
00000d43  COMP_E1_IRQHandler             
00000d43  CS_IRQHandler                  
00000d43  DMA_ERR_IRQHandler             
00000d43  DMA_INT0_IRQHandler            
00000d43  DMA_INT1_IRQHandler            
00000d43  DMA_INT2_IRQHandler            
00000d43  DMA_INT3_IRQHandler            
00000d43  DebugMon_Handler               
00000d43  Default_Handler                
00000d43  EUSCIA0_IRQHandler             
00000d43  EUSCIA1_IRQHandler             
00000d43  EUSCIA2_IRQHandler             
00000d43  EUSCIA3_IRQHandler             
00000d43  EUSCIB0_IRQHandler             
00000d43  EUSCIB1_IRQHandler             
00000d43  EUSCIB2_IRQHandler             
00000d43  EUSCIB3_IRQHandler             
00000d43  FLCTL_IRQHandler               
00000d43  FPU_IRQHandler                 
00000111  GPIO_configure                 
00000d43  HardFault_Handler              
00000d43  MemManage_Handler              
00000d43  NMI_Handler                    
00000d43  PCM_IRQHandler                 
0000023d  PORT1_IRQHandler               
0000023d  PORT1_IRQHandler               
00000491  PORT2_IRQHandler               
00000491  PORT2_IRQHandler               
00000d43  PORT3_IRQHandler               
00000d43  PORT4_IRQHandler               
00000d43  PORT5_IRQHandler               
00000d43  PORT6_IRQHandler               
00000d43  PSS_IRQHandler                 
00000d43  PendSV_Handler                 
00000d43  RTC_C_IRQHandler               
00000d37  Reset_Handler                  
UNDEFED   SHT$$INIT_ARRAY$$Base          
UNDEFED   SHT$$INIT_ARRAY$$Limit         
00000d43  SVC_Handler                    
00000d43  SysTick_Handler                
20000024  SystemCoreClock                
00000519  SystemCoreClockUpdate          
0000078d  SystemInit                     
00000d43  T32_INT1_IRQHandler            
00000d43  T32_INT2_IRQHandler            
00000d43  T32_INTC_IRQHandler            
000008e7  TA0_0_IRQHandler               
000008e7  TA0_0_IRQHandler               
00000911  TA0_N_IRQHandler               
00000911  TA0_N_IRQHandler               
00000d43  TA1_0_IRQHandler               
00000d43  TA1_N_IRQHandler               
00000d43  TA2_0_IRQHandler               
00000d43  TA2_N_IRQHandler               
00000d43  TA3_0_IRQHandler               
00000d43  TA3_N_IRQHandler               
00000d43  UsageFault_Handler             
4000480c  WDTCTL_SYM                     
00000d43  WDT_A_IRQHandler               
20010000  __STACK_END                    
00000200  __STACK_SIZE                   
00000d74  __TI_CINIT_Base                
00000d7c  __TI_CINIT_Limit               
00000d6c  __TI_Handler_Table_Base        
00000d74  __TI_Handler_Table_Limit       
00000b31  __TI_auto_init                 
20000000  __TI_cleanup_ptr               
00000ba1  __TI_decompress_lzss           
00000d29  __TI_decompress_none           
20000004  __TI_dtors_ptr                 
20000008  __TI_enable_exit_profile_output
ffffffff  __TI_pprof_out_hndl            
ffffffff  __TI_prof_data_size            
ffffffff  __TI_prof_data_start           
00000000  __TI_static_base__             
00000a95  __aeabi_memcpy                 
00000a95  __aeabi_memcpy4                
00000a95  __aeabi_memcpy8                
ffffffff  __binit__                      
ffffffff  __c_args__                     
00000d49  __mpu_init                     
2000fe00  __stack                        
00000cfd  _args_main                     
00000c09  _c_int00                       
20000018  _lock                          
00000d23  _nop                           
00000d1b  _register_lock                 
00000d15  _register_unlock               
00000d4b  _system_post_cinit             
00000d45  _system_pre_init               
2000001c  _unlock                        
00000c61  abort                          
ffffffff  binit                          
00000cb1  copy_in                        
2000000c  count                          
20000010  currentVal                     
20000014  currentVal2                    
00000431  encoderInterruptConfig         
00000c69  exit                           
00000000  interruptVectors               
0000030f  latencyTestP1                  
00000343  latencyTestP4                  
000009e5  main                           
20000020  main_func_sp                   
00000a95  memcpy                         
00000395  rgbConfig                      
000003bf  rgbCycle                       
00000249  testLED1                       
000002af  testRGB                        
00000871  timer_a0_config                
000008af  timer_a0_configTimer1          


GLOBAL SYMBOLS: SORTED BY Symbol Address 

address   name                           
-------   ----                           
00000000  __TI_static_base__             
00000000  interruptVectors               
00000111  GPIO_configure                 
00000200  __STACK_SIZE                   
0000023d  PORT1_IRQHandler               
0000023d  PORT1_IRQHandler               
00000249  testLED1                       
000002af  testRGB                        
0000030f  latencyTestP1                  
00000343  latencyTestP4                  
00000395  rgbConfig                      
000003bf  rgbCycle                       
00000431  encoderInterruptConfig         
00000491  PORT2_IRQHandler               
00000491  PORT2_IRQHandler               
00000519  SystemCoreClockUpdate          
0000078d  SystemInit                     
00000871  timer_a0_config                
000008af  timer_a0_configTimer1          
000008e7  TA0_0_IRQHandler               
000008e7  TA0_0_IRQHandler               
00000911  TA0_N_IRQHandler               
00000911  TA0_N_IRQHandler               
000009e5  main                           
00000a95  __aeabi_memcpy                 
00000a95  __aeabi_memcpy4                
00000a95  __aeabi_memcpy8                
00000a95  memcpy                         
00000b31  __TI_auto_init                 
00000ba1  __TI_decompress_lzss           
00000c09  _c_int00                       
00000c5d  C$$EXIT                        
00000c61  abort                          
00000c69  exit                           
00000cb1  copy_in                        
00000cfd  _args_main                     
00000d15  _register_unlock               
00000d1b  _register_lock                 
00000d23  _nop                           
00000d29  __TI_decompress_none           
00000d37  Reset_Handler                  
00000d43  ADC14_IRQHandler               
00000d43  AES256_IRQHandler              
00000d43  BusFault_Handler               
00000d43  COMP_E0_IRQHandler             
00000d43  COMP_E1_IRQHandler             
00000d43  CS_IRQHandler                  
00000d43  DMA_ERR_IRQHandler             
00000d43  DMA_INT0_IRQHandler            
00000d43  DMA_INT1_IRQHandler            
00000d43  DMA_INT2_IRQHandler            
00000d43  DMA_INT3_IRQHandler            
00000d43  DebugMon_Handler               
00000d43  Default_Handler                
00000d43  EUSCIA0_IRQHandler             
00000d43  EUSCIA1_IRQHandler             
00000d43  EUSCIA2_IRQHandler             
00000d43  EUSCIA3_IRQHandler             
00000d43  EUSCIB0_IRQHandler             
00000d43  EUSCIB1_IRQHandler             
00000d43  EUSCIB2_IRQHandler             
00000d43  EUSCIB3_IRQHandler             
00000d43  FLCTL_IRQHandler               
00000d43  FPU_IRQHandler                 
00000d43  HardFault_Handler              
00000d43  MemManage_Handler              
00000d43  NMI_Handler                    
00000d43  PCM_IRQHandler                 
00000d43  PORT3_IRQHandler               
00000d43  PORT4_IRQHandler               
00000d43  PORT5_IRQHandler               
00000d43  PORT6_IRQHandler               
00000d43  PSS_IRQHandler                 
00000d43  PendSV_Handler                 
00000d43  RTC_C_IRQHandler               
00000d43  SVC_Handler                    
00000d43  SysTick_Handler                
00000d43  T32_INT1_IRQHandler            
00000d43  T32_INT2_IRQHandler            
00000d43  T32_INTC_IRQHandler            
00000d43  TA1_0_IRQHandler               
00000d43  TA1_N_IRQHandler               
00000d43  TA2_0_IRQHandler               
00000d43  TA2_N_IRQHandler               
00000d43  TA3_0_IRQHandler               
00000d43  TA3_N_IRQHandler               
00000d43  UsageFault_Handler             
00000d43  WDT_A_IRQHandler               
00000d45  _system_pre_init               
00000d49  __mpu_init                     
00000d4b  _system_post_cinit             
00000d6c  __TI_Handler_Table_Base        
00000d74  __TI_CINIT_Base                
00000d74  __TI_Handler_Table_Limit       
00000d7c  __TI_CINIT_Limit               
20000000  __TI_cleanup_ptr               
20000004  __TI_dtors_ptr                 
20000008  __TI_enable_exit_profile_output
2000000c  count                          
20000010  currentVal                     
20000014  currentVal2                    
20000018  _lock                          
2000001c  _unlock                        
20000020  main_func_sp                   
20000024  SystemCoreClock                
2000fe00  __stack                        
20010000  __STACK_END                    
4000480c  WDTCTL_SYM                     
ffffffff  __TI_pprof_out_hndl            
ffffffff  __TI_prof_data_size            
ffffffff  __TI_prof_data_start           
ffffffff  __binit__                      
ffffffff  __c_args__                     
ffffffff  binit                          
UNDEFED   SHT$$INIT_ARRAY$$Base          
UNDEFED   SHT$$INIT_ARRAY$$Limit         

[116 symbols]
